Component: ARM Compiler 5.06 update 7 (build 960) Tool: armlink [4d3601]

==============================================================================

Section Cross References

    startup_stm32f072xb.o(RESET) refers to startup_stm32f072xb.o(STACK) for __initial_sp
    startup_stm32f072xb.o(RESET) refers to startup_stm32f072xb.o(.text) for Reset_Handler
    startup_stm32f072xb.o(RESET) refers to stm32f0xx_it.o(i.NMI_Handler) for NMI_Handler
    startup_stm32f072xb.o(RESET) refers to stm32f0xx_it.o(i.HardFault_Handler) for HardFault_Handler
    startup_stm32f072xb.o(RESET) refers to stm32f0xx_it.o(i.SVC_Handler) for SVC_Handler
    startup_stm32f072xb.o(RESET) refers to stm32f0xx_it.o(i.PendSV_Handler) for PendSV_Handler
    startup_stm32f072xb.o(RESET) refers to stm32f0xx_it.o(i.SysTick_Handler) for SysTick_Handler
    startup_stm32f072xb.o(RESET) refers to stm32f0xx_it.o(i.DMA1_Channel2_3_IRQHandler) for DMA1_Channel2_3_IRQHandler
    startup_stm32f072xb.o(RESET) refers to stm32f0xx_it.o(i.USART1_IRQHandler) for USART1_IRQHandler
    startup_stm32f072xb.o(.text) refers to system_stm32f0xx.o(i.SystemInit) for SystemInit
    startup_stm32f072xb.o(.text) refers to entry.o(.ARM.Collect$$$$00000000) for __main
    stm32f072b_discovery.o(i.BSP_LED_Init) refers to stm32f0xx_hal_gpio.o(i.HAL_GPIO_Init) for HAL_GPIO_Init
    stm32f072b_discovery.o(i.BSP_LED_Init) refers to stm32f0xx_hal_gpio.o(i.HAL_GPIO_WritePin) for HAL_GPIO_WritePin
    stm32f072b_discovery.o(i.BSP_LED_Init) refers to stm32f072b_discovery.o(.constdata) for .constdata
    stm32f072b_discovery.o(i.BSP_LED_Init) refers to stm32f072b_discovery.o(.data) for .data
    stm32f072b_discovery.o(i.BSP_LED_Off) refers to stm32f0xx_hal_gpio.o(i.HAL_GPIO_WritePin) for HAL_GPIO_WritePin
    stm32f072b_discovery.o(i.BSP_LED_Off) refers to stm32f072b_discovery.o(.constdata) for .constdata
    stm32f072b_discovery.o(i.BSP_LED_Off) refers to stm32f072b_discovery.o(.data) for .data
    stm32f072b_discovery.o(i.BSP_LED_On) refers to stm32f0xx_hal_gpio.o(i.HAL_GPIO_WritePin) for HAL_GPIO_WritePin
    stm32f072b_discovery.o(i.BSP_LED_On) refers to stm32f072b_discovery.o(.constdata) for .constdata
    stm32f072b_discovery.o(i.BSP_LED_On) refers to stm32f072b_discovery.o(.data) for .data
    stm32f072b_discovery.o(i.BSP_LED_Toggle) refers to stm32f0xx_hal_gpio.o(i.HAL_GPIO_TogglePin) for HAL_GPIO_TogglePin
    stm32f072b_discovery.o(i.BSP_LED_Toggle) refers to stm32f072b_discovery.o(.constdata) for .constdata
    stm32f072b_discovery.o(i.BSP_LED_Toggle) refers to stm32f072b_discovery.o(.data) for .data
    stm32f072b_discovery.o(i.BSP_PB_GetState) refers to stm32f0xx_hal_gpio.o(i.HAL_GPIO_ReadPin) for HAL_GPIO_ReadPin
    stm32f072b_discovery.o(i.BSP_PB_GetState) refers to stm32f072b_discovery.o(.constdata) for .constdata
    stm32f072b_discovery.o(i.BSP_PB_GetState) refers to stm32f072b_discovery.o(.data) for .data
    stm32f072b_discovery.o(i.BSP_PB_Init) refers to stm32f0xx_hal_gpio.o(i.HAL_GPIO_Init) for HAL_GPIO_Init
    stm32f072b_discovery.o(i.BSP_PB_Init) refers to stm32f0xx_hal_cortex.o(i.HAL_NVIC_SetPriority) for HAL_NVIC_SetPriority
    stm32f072b_discovery.o(i.BSP_PB_Init) refers to stm32f0xx_hal_cortex.o(i.HAL_NVIC_EnableIRQ) for HAL_NVIC_EnableIRQ
    stm32f072b_discovery.o(i.BSP_PB_Init) refers to stm32f072b_discovery.o(.constdata) for .constdata
    stm32f072b_discovery.o(i.BSP_PB_Init) refers to stm32f072b_discovery.o(.data) for .data
    stm32f0xx_hal_dma.o(i.DMA_CalcBaseAndBitshift) refers to uidiv.o(.text) for __aeabi_uidivmod
    stm32f0xx_hal_dma.o(i.HAL_DMA_DeInit) refers to stm32f0xx_hal_dma.o(i.DMA_CalcBaseAndBitshift) for DMA_CalcBaseAndBitshift
    stm32f0xx_hal_dma.o(i.HAL_DMA_Init) refers to stm32f0xx_hal_dma.o(i.DMA_CalcBaseAndBitshift) for DMA_CalcBaseAndBitshift
    stm32f0xx_hal_dma.o(i.HAL_DMA_PollForTransfer) refers to stm32f0xx_hal.o(i.HAL_GetTick) for HAL_GetTick
    stm32f0xx_hal_dma.o(i.HAL_DMA_Start) refers to stm32f0xx_hal_dma.o(i.DMA_SetConfig) for DMA_SetConfig
    stm32f0xx_hal_dma.o(i.HAL_DMA_Start_IT) refers to stm32f0xx_hal_dma.o(i.DMA_SetConfig) for DMA_SetConfig
    stm32f0xx_hal_dma.o(i.HAL_DMA_UnRegisterCallback) refers to stm32f0xx_hal_dma.o(i.__ARM_common_switch8) for __ARM_common_switch8
    stm32f0xx_hal_rcc_ex.o(i.HAL_RCCEx_CRSWaitSynchronization) refers to stm32f0xx_hal.o(i.HAL_GetTick) for HAL_GetTick
    stm32f0xx_hal_rcc_ex.o(i.HAL_RCCEx_CRS_IRQHandler) refers to stm32f0xx_hal_rcc_ex.o(i.HAL_RCCEx_CRS_SyncOkCallback) for HAL_RCCEx_CRS_SyncOkCallback
    stm32f0xx_hal_rcc_ex.o(i.HAL_RCCEx_CRS_IRQHandler) refers to stm32f0xx_hal_rcc_ex.o(i.HAL_RCCEx_CRS_SyncWarnCallback) for HAL_RCCEx_CRS_SyncWarnCallback
    stm32f0xx_hal_rcc_ex.o(i.HAL_RCCEx_CRS_IRQHandler) refers to stm32f0xx_hal_rcc_ex.o(i.HAL_RCCEx_CRS_ExpectedSyncCallback) for HAL_RCCEx_CRS_ExpectedSyncCallback
[...]
    stm32f0xx_hal.o(i.HAL_SetTickFreq) refers to stm32f0xx_hal.o(i.HAL_InitTick) for HAL_InitTick
    stm32f0xx_hal.o(i.HAL_SetTickFreq) refers to stm32f0xx_hal.o(.data) for .data
    stm32f0xx_hal_uart_ex.o(i.HAL_MultiProcessorEx_AddressLength_Set) refers to stm32f0xx_hal_uart.o(i.UART_CheckIdleState) for UART_CheckIdleState
    stm32f0xx_hal_uart_ex.o(i.HAL_RS485Ex_Init) refers to stm32f0xx_hal_msp.o(i.HAL_UART_MspInit) for HAL_UART_MspInit
    stm32f0xx_hal_uart_ex.o(i.HAL_RS485Ex_Init) refers to stm32f0xx_hal_uart.o(i.UART_SetConfig) for UART_SetConfig
    stm32f0xx_hal_uart_ex.o(i.HAL_RS485Ex_Init) refers to stm32f0xx_hal_uart.o(i.UART_AdvFeatureConfig) for UART_AdvFeatureConfig
    stm32f0xx_hal_uart_ex.o(i.HAL_RS485Ex_Init) refers to stm32f0xx_hal_uart.o(i.UART_CheckIdleState) for UART_CheckIdleState
    stm32f0xx_hal_uart_ex.o(i.HAL_UARTEx_ReceiveToIdle) refers to stm32f0xx_hal.o(i.HAL_GetTick) for HAL_GetTick
    stm32f0xx_hal_uart_ex.o(i.HAL_UARTEx_ReceiveToIdle_DMA) refers to stm32f0xx_hal_uart.o(i.UART_Start_Receive_DMA) for UART_Start_Receive_DMA
    stm32f0xx_hal_uart_ex.o(i.HAL_UARTEx_ReceiveToIdle_IT) refers to stm32f0xx_hal_uart.o(i.UART_Start_Receive_IT) for UART_Start_Receive_IT
    stm32f0xx_hal_uart_ex.o(i.HAL_UARTEx_StopModeWakeUpSourceConfig) refers to stm32f0xx_hal.o(i.HAL_GetTick) for HAL_GetTick
    stm32f0xx_hal_uart_ex.o(i.HAL_UARTEx_StopModeWakeUpSourceConfig) refers to stm32f0xx_hal_uart.o(i.UART_WaitOnFlagUntilTimeout) for UART_WaitOnFlagUntilTimeout
    stm32f0xx_hal_cortex.o(i.HAL_NVIC_SetPriority) refers to stm32f0xx_hal_cortex.o(i.__NVIC_SetPriority) for __NVIC_SetPriority
    stm32f0xx_hal_cortex.o(i.HAL_SYSTICK_Config) refers to stm32f0xx_hal_cortex.o(i.__NVIC_SetPriority) for __NVIC_SetPriority
    stm32f0xx_hal_cortex.o(i.HAL_SYSTICK_IRQHandler) refers to stm32f0xx_hal_cortex.o(i.HAL_SYSTICK_Callback) for HAL_SYSTICK_Callback
    stm32f0xx_hal_uart.o(i.HAL_HalfDuplex_Init) refers to stm32f0xx_hal_msp.o(i.HAL_UART_MspInit) for HAL_UART_MspInit
    stm32f0xx_hal_uart.o(i.HAL_HalfDuplex_Init) refers to stm32f0xx_hal_uart.o(i.UART_SetConfig) for UART_SetConfig
    stm32f0xx_hal_uart.o(i.HAL_HalfDuplex_Init) refers to stm32f0xx_hal_uart.o(i.UART_AdvFeatureConfig) for UART_AdvFeatureConfig
    stm32f0xx_hal_uart.o(i.HAL_HalfDuplex_Init) refers to stm32f0xx_hal_uart.o(i.UART_CheckIdleState) for UART_CheckIdleState
    stm32f0xx_hal_uart.o(i.HAL_LIN_Init) refers to stm32f0xx_hal_msp.o(i.HAL_UART_MspInit) for HAL_UART_MspInit
    stm32f0xx_hal_uart.o(i.HAL_LIN_Init) refers to stm32f0xx_hal_uart.o(i.UART_SetConfig) for UART_SetConfig
    stm32f0xx_hal_uart.o(i.HAL_LIN_Init) refers to stm32f0xx_hal_uart.o(i.UART_AdvFeatureConfig) for UART_AdvFeatureConfig
    stm32f0xx_hal_uart.o(i.HAL_LIN_Init) refers to stm32f0xx_hal_uart.o(i.UART_CheckIdleState) for UART_CheckIdleState
    stm32f0xx_hal_uart.o(i.HAL_MultiProcessor_DisableMuteMode) refers to stm32f0xx_hal_uart.o(i.UART_CheckIdleState) for UART_CheckIdleState
    stm32f0xx_hal_uart.o(i.HAL_MultiProcessor_EnableMuteMode) refers to stm32f0xx_hal_uart.o(i.UART_CheckIdleState) for UART_CheckIdleState
    stm32f0xx_hal_uart.o(i.HAL_MultiProcessor_Init) refers to stm32f0xx_hal_msp.o(i.HAL_UART_MspInit) for HAL_UART_MspInit
    stm32f0xx_hal_uart.o(i.HAL_MultiProcessor_Init) refers to stm32f0xx_hal_uart.o(i.UART_SetConfig) for UART_SetConfig
    stm32f0xx_hal_uart.o(i.HAL_MultiProcessor_Init) refers to stm32f0xx_hal_uart.o(i.UART_AdvFeatureConfig) for UART_AdvFeatureConfig
    stm32f0xx_hal_uart.o(i.HAL_MultiProcessor_Init) refers to stm32f0xx_hal_uart.o(i.UART_CheckIdleState) for UART_CheckIdleState
    stm32f0xx_hal_uart.o(i.HAL_UART_Abort) refers to stm32f0xx_hal_dma.o(i.HAL_DMA_Abort) for HAL_DMA_Abort
    stm32f0xx_hal_uart.o(i.HAL_UART_Abort) refers to stm32f0xx_hal_dma.o(i.HAL_DMA_GetError) for HAL_DMA_GetError
    stm32f0xx_hal_uart.o(i.HAL_UART_AbortReceive) refers to stm32f0xx_hal_dma.o(i.HAL_DMA_Abort) for HAL_DMA_Abort
    stm32f0xx_hal_uart.o(i.HAL_UART_AbortReceive) refers to stm32f0xx_hal_dma.o(i.HAL_DMA_GetError) for HAL_DMA_GetError
    stm32f0xx_hal_uart.o(i.HAL_UART_AbortReceive_IT) refers to stm32f0xx_hal_dma.o(i.HAL_DMA_Abort_IT) for HAL_DMA_Abort_IT
    stm32f0xx_hal_uart.o(i.HAL_UART_AbortReceive_IT) refers to stm32f0xx_hal_uart.o(i.HAL_UART_AbortReceiveCpltCallback) for HAL_UART_AbortReceiveCpltCallback
    stm32f0xx_hal_uart.o(i.HAL_UART_AbortReceive_IT) refers to stm32f0xx_hal_uart.o(i.UART_DMARxOnlyAbortCallback) for UART_DMARxOnlyAbortCallback
    stm32f0xx_hal_uart.o(i.HAL_UART_AbortTransmit) refers to stm32f0xx_hal_dma.o(i.HAL_DMA_Abort) for HAL_DMA_Abort
    stm32f0xx_hal_uart.o(i.HAL_UART_AbortTransmit) refers to stm32f0xx_hal_dma.o(i.HAL_DMA_GetError) for HAL_DMA_GetError
    stm32f0xx_hal_uart.o(i.HAL_UART_AbortTransmit_IT) refers to stm32f0xx_hal_dma.o(i.HAL_DMA_Abort_IT) for HAL_DMA_Abort_IT
    stm32f0xx_hal_uart.o(i.HAL_UART_AbortTransmit_IT) refers to stm32f0xx_hal_uart.o(i.HAL_UART_AbortTransmitCpltCallback) for HAL_UART_AbortTransmitCpltCallback
    stm32f0xx_hal_uart.o(i.HAL_UART_AbortTransmit_IT) refers to stm32f0xx_hal_uart.o(i.UART_DMATxOnlyAbortCallback) for UART_DMATxOnlyAbortCallback
    stm32f0xx_hal_uart.o(i.HAL_UART_Abort_IT) refers to stm32f0xx_hal_dma.o(i.HAL_DMA_Abort_IT) for HAL_DMA_Abort_IT
    stm32f0xx_hal_uart.o(i.HAL_UART_Abort_IT) refers to stm32f0xx_hal_uart.o(i.HAL_UART_AbortCpltCallback) for HAL_UART_AbortCpltCallback
    stm32f0xx_hal_uart.o(i.HAL_UART_Abort_IT) refers to stm32f0xx_hal_uart.o(i.UART_DMATxAbortCallback) for UART_DMATxAbortCallback
    stm32f0xx_hal_uart.o(i.HAL_UART_Abort_IT) refers to stm32f0xx_hal_uart.o(i.UART_DMARxAbortCallback) for UART_DMARxAbortCallback
    stm32f0xx_hal_uart.o(i.HAL_UART_DMAStop) refers to stm32f0xx_hal_dma.o(i.HAL_DMA_Abort) for HAL_DMA_Abort
    stm32f0xx_hal_uart.o(i.HAL_UART_DMAStop) refers to stm32f0xx_hal_dma.o(i.HAL_DMA_GetError) for HAL_DMA_GetError
    stm32f0xx_hal_uart.o(i.HAL_UART_DMAStop) refers to stm32f0xx_hal_uart.o(i.UART_EndTxTransfer) for UART_EndTxTransfer
    stm32f0xx_hal_uart.o(i.HAL_UART_DMAStop) refers to stm32f0xx_hal_uart.o(i.UART_EndRxTransfer) for UART_EndRxTransfer
    stm32f0xx_hal_uart.o(i.HAL_UART_DeInit) refers to stm32f0xx_hal_msp.o(i.HAL_UART_MspDeInit) for HAL_UART_MspDeInit
    stm32f0xx_hal_uart.o(i.HAL_UART_IRQHandler) refers to stm32f0xx_hal_uart.o(i.UART_EndRxTransfer) for UART_EndRxTransfer
    stm32f0xx_hal_uart.o(i.HAL_UART_IRQHandler) refers to stm32f0xx_hal_dma.o(i.HAL_DMA_Abort_IT) for HAL_DMA_Abort_IT
    stm32f0xx_hal_uart.o(i.HAL_UART_IRQHandler) refers to uart.o(i.HAL_UART_ErrorCallback) for HAL_UART_ErrorCallback
    stm32f0xx_hal_uart.o(i.HAL_UART_IRQHandler) refers to stm32f0xx_hal_dma.o(i.HAL_DMA_Abort) for HAL_DMA_Abort
    stm32f0xx_hal_uart.o(i.HAL_UART_IRQHandler) refers to stm32f0xx_hal_uart.o(i.HAL_UARTEx_RxEventCallback) for HAL_UARTEx_RxEventCallback
    stm32f0xx_hal_uart.o(i.HAL_UART_IRQHandler) refers to stm32f0xx_hal_uart_ex.o(i.HAL_UARTEx_WakeupCallback) for HAL_UARTEx_WakeupCallback
    stm32f0xx_hal_uart.o(i.HAL_UART_IRQHandler) refers to uart.o(i.HAL_UART_TxCpltCallback) for HAL_UART_TxCpltCallback
    stm32f0xx_hal_uart.o(i.HAL_UART_IRQHandler) refers to stm32f0xx_hal_uart.o(i.UART_DMAAbortOnError) for UART_DMAAbortOnError
    stm32f0xx_hal_uart.o(i.HAL_UART_Init) refers to stm32f0xx_hal_msp.o(i.HAL_UART_MspInit) for HAL_UART_MspInit
    stm32f0xx_hal_uart.o(i.HAL_UART_Init) refers to stm32f0xx_hal_uart.o(i.UART_SetConfig) for UART_SetConfig
    stm32f0xx_hal_uart.o(i.HAL_UART_Init) refers to stm32f0xx_hal_uart.o(i.UART_AdvFeatureConfig) for UART_AdvFeatureConfig
    stm32f0xx_hal_uart.o(i.HAL_UART_Init) refers to stm32f0xx_hal_uart.o(i.UART_CheckIdleState) for UART_CheckIdleState
    stm32f0xx_hal_uart.o(i.HAL_UART_Receive) refers to stm32f0xx_hal.o(i.HAL_GetTick) for HAL_GetTick
    stm32f0xx_hal_uart.o(i.HAL_UART_Receive) refers to stm32f0xx_hal_uart.o(i.UART_WaitOnFlagUntilTimeout) for UART_WaitOnFlagUntilTimeout
    stm32f0xx_hal_uart.o(i.HAL_UART_Receive_DMA) refers to stm32f0xx_hal_uart.o(i.UART_Start_Receive_DMA) for UART_Start_Receive_DMA
    stm32f0xx_hal_uart.o(i.HAL_UART_Receive_IT) refers to stm32f0xx_hal_uart.o(i.UART_Start_Receive_IT) for UART_Start_Receive_IT
    stm32f0xx_hal_uart.o(i.HAL_UART_Transmit) refers to stm32f0xx_hal.o(i.HAL_GetTick) for HAL_GetTick
    stm32f0xx_hal_uart.o(i.HAL_UART_Transmit) refers to stm32f0xx_hal_uart.o(i.UART_WaitOnFlagUntilTimeout) for UART_WaitOnFlagUntilTimeout
    stm32f0xx_hal_uart.o(i.HAL_UART_Transmit_DMA) refers to stm32f0xx_hal_dma.o(i.HAL_DMA_Start_IT) for HAL_DMA_Start_IT
    stm32f0xx_hal_uart.o(i.HAL_UART_Transmit_DMA) refers to stm32f0xx_hal_uart.o(i.UART_DMATransmitCplt) for UART_DMATransmitCplt
    stm32f0xx_hal_uart.o(i.HAL_UART_Transmit_DMA) refers to stm32f0xx_hal_uart.o(i.UART_DMATxHalfCplt) for UART_DMATxHalfCplt
    stm32f0xx_hal_uart.o(i.HAL_UART_Transmit_DMA) refers to stm32f0xx_hal_uart.o(i.UART_DMAError) for UART_DMAError
    stm32f0xx_hal_uart.o(i.HAL_UART_Transmit_IT) refers to stm32f0xx_hal_uart.o(i.UART_TxISR_8BIT) for UART_TxISR_8BIT
    stm32f0xx_hal_uart.o(i.HAL_UART_Transmit_IT) refers to stm32f0xx_hal_uart.o(i.UART_TxISR_16BIT) for UART_TxISR_16BIT
    stm32f0xx_hal_uart.o(i.UART_CheckIdleState) refers to stm32f0xx_hal.o(i.HAL_GetTick) for HAL_GetTick
    stm32f0xx_hal_uart.o(i.UART_CheckIdleState) refers to stm32f0xx_hal_uart.o(i.UART_WaitOnFlagUntilTimeout) for UART_WaitOnFlagUntilTimeout
    stm32f0xx_hal_uart.o(i.UART_DMAAbortOnError) refers to uart.o(i.HAL_UART_ErrorCallback) for HAL_UART_ErrorCallback
    stm32f0xx_hal_uart.o(i.UART_DMAError) refers to stm32f0xx_hal_uart.o(i.UART_EndTxTransfer) for UART_EndTxTransfer
    stm32f0xx_hal_uart.o(i.UART_DMAError) refers to stm32f0xx_hal_uart.o(i.UART_EndRxTransfer) for UART_EndRxTransfer
    stm32f0xx_hal_uart.o(i.UART_DMAError) refers to uart.o(i.HAL_UART_ErrorCallback) for HAL_UART_ErrorCallback
    stm32f0xx_hal_uart.o(i.UART_DMAReceiveCplt) refers to uart.o(i.HAL_UART_RxCpltCallback) for HAL_UART_RxCpltCallback
    stm32f0xx_hal_uart.o(i.UART_DMAReceiveCplt) refers to stm32f0xx_hal_uart.o(i.HAL_UARTEx_RxEventCallback) for HAL_UARTEx_RxEventCallback
    stm32f0xx_hal_uart.o(i.UART_DMARxAbortCallback) refers to stm32f0xx_hal_uart.o(i.HAL_UART_AbortCpltCallback) for HAL_UART_AbortCpltCallback
    stm32f0xx_hal_uart.o(i.UART_DMARxHalfCplt) refers to stm32f0xx_hal_uart.o(i.HAL_UART_RxHalfCpltCallback) for HAL_UART_RxHalfCpltCallback
    stm32f0xx_hal_uart.o(i.UART_DMARxHalfCplt) refers to stm32f0xx_hal_uart.o(i.HAL_UARTEx_RxEventCallback) for HAL_UARTEx_RxEventCallback
    stm32f0xx_hal_uart.o(i.UART_DMARxOnlyAbortCallback) refers to stm32f0xx_hal_uart.o(i.HAL_UART_AbortReceiveCpltCallback) for HAL_UART_AbortReceiveCpltCallback
    stm32f0xx_hal_uart.o(i.UART_DMATransmitCplt) refers to uart.o(i.HAL_UART_TxCpltCallback) for HAL_UART_TxCpltCallback
    stm32f0xx_hal_uart.o(i.UART_DMATxAbortCallback) refers to stm32f0xx_hal_uart.o(i.HAL_UART_AbortCpltCallback) for HAL_UART_AbortCpltCallback
    stm32f0xx_hal_uart.o(i.UART_DMATxHalfCplt) refers to stm32f0xx_hal_uart.o(i.HAL_UART_TxHalfCpltCallback) for HAL_UART_TxHalfCpltCallback
    stm32f0xx_hal_uart.o(i.UART_DMATxOnlyAbortCallback) refers to stm32f0xx_hal_uart.o(i.HAL_UART_AbortTransmitCpltCallback) for HAL_UART_AbortTransmitCpltCallback
    stm32f0xx_hal_uart.o(i.UART_RxISR_16BIT) refers to uart.o(i.HAL_UART_RxCpltCallback) for HAL_UART_RxCpltCallback
    stm32f0xx_hal_uart.o(i.UART_RxISR_16BIT) refers to stm32f0xx_hal_uart.o(i.HAL_UARTEx_RxEventCallback) for HAL_UARTEx_RxEventCallback
    stm32f0xx_hal_uart.o(i.UART_RxISR_8BIT) refers to uart.o(i.HAL_UART_RxCpltCallback) for HAL_UART_RxCpltCallback
    stm32f0xx_hal_uart.o(i.UART_RxISR_8BIT) refers to stm32f0xx_hal_uart.o(i.HAL_UARTEx_RxEventCallback) for HAL_UARTEx_RxEventCallback
    stm32f0xx_hal_uart.o(i.UART_SetConfig) refers to stm32f0xx_hal_rcc.o(i.HAL_RCC_GetPCLK1Freq) for HAL_RCC_GetPCLK1Freq
    stm32f0xx_hal_uart.o(i.UART_SetConfig) refers to stm32f0xx_hal_rcc.o(i.HAL_RCC_GetSysClockFreq) for HAL_RCC_GetSysClockFreq
    stm32f0xx_hal_uart.o(i.UART_SetConfig) refers to uidiv.o(.text) for __aeabi_uidivmod
    stm32f0xx_hal_uart.o(i.UART_Start_Receive_DMA) refers to stm32f0xx_hal_dma.o(i.HAL_DMA_Start_IT) for HAL_DMA_Start_IT
    stm32f0xx_hal_uart.o(i.UART_Start_Receive_DMA) refers to stm32f0xx_hal_uart.o(i.UART_DMAReceiveCplt) for UART_DMAReceiveCplt
    stm32f0xx_hal_uart.o(i.UART_Start_Receive_DMA) refers to stm32f0xx_hal_uart.o(i.UART_DMARxHalfCplt) for UART_DMARxHalfCplt
    stm32f0xx_hal_uart.o(i.UART_Start_Receive_DMA) refers to stm32f0xx_hal_uart.o(i.UART_DMAError) for UART_DMAError
    stm32f0xx_hal_uart.o(i.UART_Start_Receive_IT) refers to stm32f0xx_hal_uart.o(i.UART_RxISR_8BIT) for UART_RxISR_8BIT
    stm32f0xx_hal_uart.o(i.UART_Start_Receive_IT) refers to stm32f0xx_hal_uart.o(i.UART_RxISR_16BIT) for UART_RxISR_16BIT
    stm32f0xx_hal_uart.o(i.UART_WaitOnFlagUntilTimeout) refers to stm32f0xx_hal.o(i.HAL_GetTick) for HAL_GetTick
    stm32f0xx_hal_gpio.o(i.HAL_GPIO_EXTI_IRQHandler) refers to stm32f0xx_hal_gpio.o(i.HAL_GPIO_EXTI_Callback) for HAL_GPIO_EXTI_Callback
    stm32f0xx_hal_rtc.o(i.HAL_RTC_AlarmIRQHandler) refers to stm32f0xx_hal_rtc.o(i.HAL_RTC_AlarmAEventCallback) for HAL_RTC_AlarmAEventCallback
    stm32f0xx_hal_rtc.o(i.HAL_RTC_DeInit) refers to stm32f0xx_hal_rtc.o(i.RTC_EnterInitMode) for RTC_EnterInitMode
    stm32f0xx_hal_rtc.o(i.HAL_RTC_DeInit) refers to stm32f0xx_hal.o(i.HAL_GetTick) for HAL_GetTick
    stm32f0xx_hal_rtc.o(i.HAL_RTC_DeInit) refers to stm32f0xx_hal_rtc.o(i.HAL_RTC_WaitForSynchro) for HAL_RTC_WaitForSynchro
    stm32f0xx_hal_rtc.o(i.HAL_RTC_DeInit) refers to stm32f0xx_hal_rtc.o(i.HAL_RTC_MspDeInit) for HAL_RTC_MspDeInit
    stm32f0xx_hal_rtc.o(i.HAL_RTC_DeactivateAlarm) refers to stm32f0xx_hal.o(i.HAL_GetTick) for HAL_GetTick
    stm32f0xx_hal_rtc.o(i.HAL_RTC_GetAlarm) refers to stm32f0xx_hal_rtc.o(i.RTC_Bcd2ToByte) for RTC_Bcd2ToByte
    stm32f0xx_hal_rtc.o(i.HAL_RTC_GetDate) refers to stm32f0xx_hal_rtc.o(i.RTC_Bcd2ToByte) for RTC_Bcd2ToByte
    stm32f0xx_hal_rtc.o(i.HAL_RTC_GetTime) refers to stm32f0xx_hal_rtc.o(i.RTC_Bcd2ToByte) for RTC_Bcd2ToByte
    stm32f0xx_hal_rtc.o(i.HAL_RTC_Init) refers to stm32f0xx_hal_rtc.o(i.HAL_RTC_MspInit) for HAL_RTC_MspInit
    stm32f0xx_hal_rtc.o(i.HAL_RTC_Init) refers to stm32f0xx_hal_rtc.o(i.RTC_EnterInitMode) for RTC_EnterInitMode
    stm32f0xx_hal_rtc.o(i.HAL_RTC_Init) refers to stm32f0xx_hal_rtc.o(i.HAL_RTC_WaitForSynchro) for HAL_RTC_WaitForSynchro
    stm32f0xx_hal_rtc.o(i.HAL_RTC_PollForAlarmAEvent) refers to stm32f0xx_hal.o(i.HAL_GetTick) for HAL_GetTick
    stm32f0xx_hal_rtc.o(i.HAL_RTC_SetAlarm) refers to stm32f0xx_hal.o(i.HAL_GetTick) for HAL_GetTick
    stm32f0xx_hal_rtc.o(i.HAL_RTC_SetAlarm) refers to stm32f0xx_hal_rtc.o(i.RTC_ByteToBcd2) for RTC_ByteToBcd2
    stm32f0xx_hal_rtc.o(i.HAL_RTC_SetAlarm_IT) refers to stm32f0xx_hal.o(i.HAL_GetTick) for HAL_GetTick
    stm32f0xx_hal_rtc.o(i.HAL_RTC_SetAlarm_IT) refers to stm32f0xx_hal_rtc.o(i.RTC_ByteToBcd2) for RTC_ByteToBcd2
    stm32f0xx_hal_rtc.o(i.HAL_RTC_SetDate) refers to stm32f0xx_hal_rtc.o(i.RTC_ByteToBcd2) for RTC_ByteToBcd2
    stm32f0xx_hal_rtc.o(i.HAL_RTC_SetDate) refers to stm32f0xx_hal_rtc.o(i.RTC_EnterInitMode) for RTC_EnterInitMode
    stm32f0xx_hal_rtc.o(i.HAL_RTC_SetDate) refers to stm32f0xx_hal_rtc.o(i.HAL_RTC_WaitForSynchro) for HAL_RTC_WaitForSynchro
    stm32f0xx_hal_rtc.o(i.HAL_RTC_SetTime) refers to stm32f0xx_hal_rtc.o(i.RTC_EnterInitMode) for RTC_EnterInitMode
    stm32f0xx_hal_rtc.o(i.HAL_RTC_SetTime) refers to stm32f0xx_hal_rtc.o(i.RTC_ByteToBcd2) for RTC_ByteToBcd2
    stm32f0xx_hal_rtc.o(i.HAL_RTC_SetTime) refers to stm32f0xx_hal_rtc.o(i.HAL_RTC_WaitForSynchro) for HAL_RTC_WaitForSynchro
    stm32f0xx_hal_rtc.o(i.HAL_RTC_WaitForSynchro) refers to stm32f0xx_hal.o(i.HAL_GetTick) for HAL_GetTick
    stm32f0xx_hal_rtc.o(i.RTC_EnterInitMode) refers to stm32f0xx_hal.o(i.HAL_GetTick) for HAL_GetTick
    main.o(i.Error_Handler) refers to stm32f072b_discovery.o(i.BSP_LED_On) for BSP_LED_On
    main.o(i.main) refers to stm32f0xx_hal.o(i.HAL_Init) for HAL_Init
    main.o(i.main) refers to stm32f0xx_hal_rcc.o(i.HAL_RCC_OscConfig) for HAL_RCC_OscConfig
    main.o(i.main) refers to stm32f0xx_hal_rcc.o(i.HAL_RCC_ClockConfig) for HAL_RCC_ClockConfig
    main.o(i.main) refers to main.o(i.Error_Handler) for Error_Handler
    main.o(i.main) refers to uart.o(i.UART_Init) for UART_Init
    main.o(i.main) refers to uart.o(i.UART_Rx) for UART_Rx
    main.o(i.main) refers to uart.o(i.UART_Tx) for UART_Tx
    main.o(i.main) refers to cmd.o(i.CMD_DeCommand) for CMD_DeCommand
    stm32f0xx_it.o(i.DMA1_Channel2_3_IRQHandler) refers to stm32f0xx_hal_dma.o(i.HAL_DMA_IRQHandler) for HAL_DMA_IRQHandler
    stm32f0xx_it.o(i.DMA1_Channel2_3_IRQHandler) refers to uart.o(.bss) for UartHandle
    stm32f0xx_it.o(i.SysTick_Handler) refers to stm32f0xx_hal.o(i.HAL_IncTick) for HAL_IncTick
    stm32f0xx_it.o(i.USART1_IRQHandler) refers to stm32f0xx_hal_uart.o(i.HAL_UART_IRQHandler) for HAL_UART_IRQHandler
    stm32f0xx_it.o(i.USART1_IRQHandler) refers to uart.o(i.UART_Rx_IRQ) for UART_Rx_IRQ
    stm32f0xx_it.o(i.USART1_IRQHandler) refers to uart.o(.bss) for UartHandle
    stm32f0xx_hal_msp.o(i.HAL_UART_MspDeInit) refers to stm32f0xx_hal_gpio.o(i.HAL_GPIO_DeInit) for HAL_GPIO_DeInit
    stm32f0xx_hal_msp.o(i.HAL_UART_MspDeInit) refers to stm32f0xx_hal_dma.o(i.HAL_DMA_DeInit) for HAL_DMA_DeInit
    stm32f0xx_hal_msp.o(i.HAL_UART_MspDeInit) refers to stm32f0xx_hal_cortex.o(i.HAL_NVIC_DisableIRQ) for HAL_NVIC_DisableIRQ
    stm32f0xx_hal_msp.o(i.HAL_UART_MspInit) refers to stm32f0xx_hal_gpio.o(i.HAL_GPIO_Init) for HAL_GPIO_Init
    stm32f0xx_hal_msp.o(i.HAL_UART_MspInit) refers to stm32f0xx_hal_dma.o(i.HAL_DMA_Init) for HAL_DMA_Init
    stm32f0xx_hal_msp.o(i.HAL_UART_MspInit) refers to stm32f0xx_hal_cortex.o(i.HAL_NVIC_SetPriority) for HAL_NVIC_SetPriority
    stm32f0xx_hal_msp.o(i.HAL_UART_MspInit) refers to stm32f0xx_hal_cortex.o(i.HAL_NVIC_EnableIRQ) for HAL_NVIC_EnableIRQ
    stm32f0xx_hal_msp.o(i.HAL_UART_MspInit) refers to stm32f0xx_hal_msp.o(.bss) for .bss
    uart.o(i.HAL_UART_ErrorCallback) refers to stm32f072b_discovery.o(i.BSP_LED_On) for BSP_LED_On
    uart.o(i.HAL_UART_RxCpltCallback) refers to stm32f072b_discovery.o(i.BSP_LED_On) for BSP_LED_On
    uart.o(i.HAL_UART_RxCpltCallback) refers to uart.o(.data) for .data
    uart.o(i.HAL_UART_TxCpltCallback) refers to stm32f072b_discovery.o(i.BSP_LED_On) for BSP_LED_On
    uart.o(i.HAL_UART_TxCpltCallback) refers to uart.o(.data) for .data
    uart.o(i.UART_GetUartRxFlag) refers to uart.o(.data) for .data
    uart.o(i.UART_Init) refers to memseta.o(.text) for __aeabi_memclr4
    uart.o(i.UART_Init) refers to stm32f0xx_hal_uart.o(i.HAL_UART_DeInit) for HAL_UART_DeInit
    uart.o(i.UART_Init) refers to main.o(i.Error_Handler) for Error_Handler
    uart.o(i.UART_Init) refers to stm32f0xx_hal_uart.o(i.HAL_UART_Init) for HAL_UART_Init
    uart.o(i.UART_Init) refers to uart.o(.bss) for .bss
    uart.o(i.UART_Rx) refers to memseta.o(.text) for __aeabi_memclr4
    uart.o(i.UART_Rx) refers to stm32f0xx_hal_uart.o(i.HAL_UART_IRQHandler) for HAL_UART_IRQHandler
    uart.o(i.UART_Rx) refers to stm32f0xx_hal_uart.o(i.HAL_UART_DMAStop) for HAL_UART_DMAStop
    uart.o(i.UART_Rx) refers to stm32f0xx_hal_uart.o(i.HAL_UART_Receive_DMA) for HAL_UART_Receive_DMA
    uart.o(i.UART_Rx) refers to main.o(i.Error_Handler) for Error_Handler
    uart.o(i.UART_Rx) refers to stm32f0xx_hal_uart.o(i.HAL_UART_GetState) for HAL_UART_GetState
    uart.o(i.UART_Rx) refers to uart.o(.bss) for .bss
    uart.o(i.UART_Rx) refers to uart.o(.data) for .data
    uart.o(i.UART_Rx_IRQ) refers to stm32f0xx_hal_uart.o(i.HAL_UART_DMAStop) for HAL_UART_DMAStop
    uart.o(i.UART_Rx_IRQ) refers to uart.o(i.UART_Rx_ResetIndex) for UART_Rx_ResetIndex
    uart.o(i.UART_Rx_IRQ) refers to uart.o(.bss) for .bss
    uart.o(i.UART_Rx_IRQ) refers to uart.o(.data) for .data
    uart.o(i.UART_Rx_ResetIndex) refers to uart.o(.bss) for .bss
    uart.o(i.UART_SetUartRxFlag) refers to uart.o(.data) for .data
    uart.o(i.UART_Tx) refers to stm32f0xx_hal_uart.o(i.HAL_UART_Transmit_DMA) for HAL_UART_Transmit_DMA
    uart.o(i.UART_Tx) refers to main.o(i.Error_Handler) for Error_Handler
    uart.o(i.UART_Tx) refers to stm32f0xx_hal_uart.o(i.HAL_UART_GetState) for HAL_UART_GetState
    uart.o(i.UART_Tx) refers to uart.o(.bss) for .bss
    uart.o(i.UART_Tx) refers to uart.o(.data) for .data
    uart.o(i.UART_Tx_ResetIndex) refers to uart.o(.bss) for .bss
    uart.o(i.USAR_UART_IDLECallback) refers to stm32f0xx_hal_uart.o(i.HAL_UART_DMAStop) for HAL_UART_DMAStop
    uart.o(i.USAR_UART_IDLECallback) refers to uart.o(.bss) for .bss
    uart.o(i.USAR_UART_IDLECallback) refers to uart.o(.data) for .data
    flash.o(i.Flash_CheckProgramData) refers to stm32f072b_discovery.o(i.BSP_LED_On) for BSP_LED_On
    flash.o(i.Flash_CheckProgramData) refers to flash.o(.data) for .data
    flash.o(i.Flash_Erase) refers to stm32f0xx_hal_flash_ex.o(i.HAL_FLASHEx_Erase) for HAL_FLASHEx_Erase
    flash.o(i.Flash_Erase) refers to stm32f072b_discovery.o(i.BSP_LED_On) for BSP_LED_On
    flash.o(i.Flash_Erase) refers to flash.o(.bss) for .bss
    flash.o(i.Flash_Erase) refers to flash.o(.data) for .data
    flash.o(i.Flash_ProgramWordByWord) refers to stm32f0xx_hal_flash.o(i.HAL_FLASH_Program) for HAL_FLASH_Program
    flash.o(i.Flash_ProgramWordByWord) refers to stm32f072b_discovery.o(i.BSP_LED_On) for BSP_LED_On
    flash.o(i.Flash_ProgramWordByWord) refers to flash.o(.data) for .data
    cmd.o(i.CMD_DeCommand) refers to uart.o(i.UART_GetUartRxFlag) for UART_GetUartRxFlag
    cmd.o(i.CMD_DeCommand) refers to uart.o(i.UART_SetUartRxFlag) for UART_SetUartRxFlag
    cmd.o(i.CMD_DeCommand) refers to uart.o(i.UART_Tx) for UART_Tx
    cmd.o(i.CMD_DeCommand) refers to cmd.o(i.CMD_Jump) for CMD_Jump
    cmd.o(i.CMD_DeCommand) refers to uart.o(i.UART_Rx) for UART_Rx
    cmd.o(i.CMD_DeCommand) refers to uart.o(.bss) for aRxBuffer
    cmd.o(i.CMD_Jump) refers to stm32f0xx_hal_rcc.o(i.HAL_RCC_DeInit) for HAL_RCC_DeInit
    cmd.o(i.CMD_Jump) refers to cmd.o(.data) for .data
    cmd.o(i.CMD_Write) refers to stm32f0xx_hal_flash.o(i.HAL_FLASH_Unlock) for HAL_FLASH_Unlock
    cmd.o(i.CMD_Write) refers to flash.o(i.Flash_Erase) for Flash_Erase
    cmd.o(i.CMD_Write) refers to flash.o(i.Flash_ProgramWordByWord) for Flash_ProgramWordByWord
    cmd.o(i.CMD_Write) refers to stm32f0xx_hal_flash.o(i.HAL_FLASH_Lock) for HAL_FLASH_Lock
    cmd.o(i.CMD_Write) refers to flash.o(i.Flash_CheckProgramData) for Flash_CheckProgramData
    system_stm32f0xx.o(i.SystemCoreClockUpdate) refers to uidiv.o(.text) for __aeabi_uidivmod
    system_stm32f0xx.o(i.SystemCoreClockUpdate) refers to system_stm32f0xx.o(.data) for .data
    system_stm32f0xx.o(i.SystemCoreClockUpdate) refers to system_stm32f0xx.o(.constdata) for .constdata
    entry.o(.ARM.Collect$$$$00000000) refers (Special) to entry10a.o(.ARM.Collect$$$$0000000F) for __rt_final_cpp
    entry.o(.ARM.Collect$$$$00000000) refers (Special) to entry11a.o(.ARM.Collect$$$$00000011) for __rt_final_exit
    entry.o(.ARM.Collect$$$$00000000) refers (Special) to entry12b.o(.ARM.Collect$$$$0000000E) for __rt_lib_shutdown_fini
    entry.o(.ARM.Collect$$$$00000000) refers (Special) to entry7b.o(.ARM.Collect$$$$00000008) for _main_clock
    entry.o(.ARM.Collect$$$$00000000) refers (Special) to entry8b.o(.ARM.Collect$$$$0000000A) for _main_cpp_init
    entry.o(.ARM.Collect$$$$00000000) refers (Special) to entry9a.o(.ARM.Collect$$$$0000000B) for _main_init
    entry.o(.ARM.Collect$$$$00000000) refers (Special) to entry5.o(.ARM.Collect$$$$00000004) for _main_scatterload
    entry.o(.ARM.Collect$$$$00000000) refers (Special) to entry2.o(.ARM.Collect$$$$00000001) for _main_stk
    uldiv.o(.text) refers to llushr.o(.text) for __aeabi_llsr
    uldiv.o(.text) refers to llshl.o(.text) for __aeabi_llsl
    entry2.o(.ARM.Collect$$$$00000001) refers to entry2.o(.ARM.Collect$$$$00002712) for __lit__00000000
    entry2.o(.ARM.Collect$$$$00002712) refers to startup_stm32f072xb.o(STACK) for __initial_sp
    entry2.o(__vectab_stack_and_reset_area) refers to startup_stm32f072xb.o(STACK) for __initial_sp
    entry2.o(__vectab_stack_and_reset_area) refers to entry.o(.ARM.Collect$$$$00000000) for __main
    entry5.o(.ARM.Collect$$$$00000004) refers to init.o(.text) for __scatterload
    entry9a.o(.ARM.Collect$$$$0000000B) refers to main.o(i.main) for main
    entry9b.o(.ARM.Collect$$$$0000000C) refers to main.o(i.main) for main
    init.o(.text) refers to entry5.o(.ARM.Collect$$$$00000004) for __main_after_scatterload


==============================================================================

Removing Unused input sections from the image.

    Removing startup_stm32f072xb.o(HEAP), (512 bytes).
    Removing stm32f072b_discovery.o(.rev16_text), (4 bytes).
    Removing stm32f072b_discovery.o(.revsh_text), (4 bytes).
    Removing stm32f072b_discovery.o(i.BSP_GetVersion), (8 bytes).
    Removing stm32f072b_discovery.o(i.BSP_LED_Init), (96 bytes).
    Removing stm32f072b_discovery.o(i.BSP_LED_Off), (32 bytes).
    Removing stm32f072b_discovery.o(i.BSP_LED_Toggle), (28 bytes).
    Removing stm32f072b_discovery.o(i.BSP_PB_GetState), (28 bytes).
    Removing stm32f072b_discovery.o(i.BSP_PB_Init), (136 bytes).
    Removing stm32f0xx_hal_dma.o(.rev16_text), (4 bytes).
    Removing stm32f0xx_hal_dma.o(.revsh_text), (4 bytes).
    Removing stm32f0xx_hal_dma.o(i.HAL_DMA_GetState), (6 bytes).
    Removing stm32f0xx_hal_dma.o(i.HAL_DMA_PollForTransfer), (176 bytes).
    Removing stm32f0xx_hal_dma.o(i.HAL_DMA_RegisterCallback), (72 bytes).
    Removing stm32f0xx_hal_dma.o(i.HAL_DMA_Start), (74 bytes).
    Removing stm32f0xx_hal_dma.o(i.HAL_DMA_UnRegisterCallback), (78 bytes).
    Removing stm32f0xx_hal_rcc_ex.o(.rev16_text), (4 bytes).
    Removing stm32f0xx_hal_rcc_ex.o(.revsh_text), (4 bytes).
    Removing stm32f0xx_hal_rcc_ex.o(i.HAL_RCCEx_CRSConfig), (72 bytes).
    Removing stm32f0xx_hal_rcc_ex.o(i.HAL_RCCEx_CRSGetSynchronizationInfo), (40 bytes).
    Removing stm32f0xx_hal_rcc_ex.o(i.HAL_RCCEx_CRSSoftwareSynchronizationGenerate), (16 bytes).
    Removing stm32f0xx_hal_rcc_ex.o(i.HAL_RCCEx_CRSWaitSynchronization), (120 bytes).
    Removing stm32f0xx_hal_rcc_ex.o(i.HAL_RCCEx_CRS_ErrorCallback), (2 bytes).
    Removing stm32f0xx_hal_rcc_ex.o(i.HAL_RCCEx_CRS_ExpectedSyncCallback), (2 bytes).
    Removing stm32f0xx_hal_rcc_ex.o(i.HAL_RCCEx_CRS_IRQHandler), (112 bytes).
    Removing stm32f0xx_hal_rcc_ex.o(i.HAL_RCCEx_CRS_SyncOkCallback), (2 bytes).
    Removing stm32f0xx_hal_rcc_ex.o(i.HAL_RCCEx_CRS_SyncWarnCallback), (2 bytes).
    Removing stm32f0xx_hal_rcc_ex.o(i.HAL_RCCEx_GetPeriphCLKConfig), (92 bytes).
    Removing stm32f0xx_hal_rcc_ex.o(i.HAL_RCCEx_GetPeriphCLKFreq), (304 bytes).
    Removing stm32f0xx_hal_rcc_ex.o(i.HAL_RCCEx_PeriphCLKConfig), (288 bytes).
    Removing stm32f0xx_hal_rcc.o(.rev16_text), (4 bytes).
    Removing stm32f0xx_hal_rcc.o(.revsh_text), (4 bytes).
    Removing stm32f0xx_hal_rcc.o(i.HAL_RCC_CSSCallback), (2 bytes).
    Removing stm32f0xx_hal_rcc.o(i.HAL_RCC_DisableCSS), (20 bytes).
    Removing stm32f0xx_hal_rcc.o(i.HAL_RCC_EnableCSS), (20 bytes).
    Removing stm32f0xx_hal_rcc.o(i.HAL_RCC_GetClockConfig), (56 bytes).
    Removing stm32f0xx_hal_rcc.o(i.HAL_RCC_GetHCLKFreq), (12 bytes).
    Removing stm32f0xx_hal_rcc.o(i.HAL_RCC_GetOscConfig), (164 bytes).
    Removing stm32f0xx_hal_rcc.o(i.HAL_RCC_MCOConfig), (80 bytes).
    Removing stm32f0xx_hal_rcc.o(i.HAL_RCC_NMI_IRQHandler), (24 bytes).
    Removing stm32f0xx_hal_flash_ex.o(.rev16_text), (4 bytes).
    Removing stm32f0xx_hal_flash_ex.o(.revsh_text), (4 bytes).
    Removing stm32f0xx_hal_flash_ex.o(i.FLASH_MassErase), (36 bytes).
    Removing stm32f0xx_hal_flash_ex.o(i.FLASH_OB_DisableWRP), (164 bytes).
    Removing stm32f0xx_hal_flash_ex.o(i.FLASH_OB_EnableWRP), (164 bytes).
    Removing stm32f0xx_hal_flash_ex.o(i.FLASH_OB_GetRDP), (32 bytes).
    Removing stm32f0xx_hal_flash_ex.o(i.FLASH_OB_RDP_LevelConfig), (96 bytes).
    Removing stm32f0xx_hal_flash_ex.o(i.FLASH_PageErase), (36 bytes).
    Removing stm32f0xx_hal_flash_ex.o(i.HAL_FLASHEx_Erase), (160 bytes).
    Removing stm32f0xx_hal_flash_ex.o(i.HAL_FLASHEx_Erase_IT), (88 bytes).
    Removing stm32f0xx_hal_flash_ex.o(i.HAL_FLASHEx_OBErase), (80 bytes).
    Removing stm32f0xx_hal_flash_ex.o(i.HAL_FLASHEx_OBGetConfig), (36 bytes).
    Removing stm32f0xx_hal_flash_ex.o(i.HAL_FLASHEx_OBGetUserData), (28 bytes).
    Removing stm32f0xx_hal_flash_ex.o(i.HAL_FLASHEx_OBProgram), (204 bytes).
    Removing stm32f0xx_hal_flash.o(.rev16_text), (4 bytes).
    Removing stm32f0xx_hal_flash.o(.revsh_text), (4 bytes).
    Removing stm32f0xx_hal_flash.o(i.FLASH_Program_HalfWord), (32 bytes).
    Removing stm32f0xx_hal_flash.o(i.FLASH_SetErrorCode), (56 bytes).
    Removing stm32f0xx_hal_flash.o(i.FLASH_WaitForLastOperation), (80 bytes).
    Removing stm32f0xx_hal_flash.o(i.HAL_FLASH_EndOfOperationCallback), (2 bytes).
    Removing stm32f0xx_hal_flash.o(i.HAL_FLASH_GetError), (12 bytes).
    Removing stm32f0xx_hal_flash.o(i.HAL_FLASH_IRQHandler), (268 bytes).
    Removing stm32f0xx_hal_flash.o(i.HAL_FLASH_Lock), (20 bytes).
    Removing stm32f0xx_hal_flash.o(i.HAL_FLASH_OB_Launch), (32 bytes).
    Removing stm32f0xx_hal_flash.o(i.HAL_FLASH_OB_Lock), (20 bytes).
    Removing stm32f0xx_hal_flash.o(i.HAL_FLASH_OB_Unlock), (36 bytes).
    Removing stm32f0xx_hal_flash.o(i.HAL_FLASH_OperationErrorCallback), (2 bytes).
    Removing stm32f0xx_hal_flash.o(i.HAL_FLASH_Program), (124 bytes).
    Removing stm32f0xx_hal_flash.o(i.HAL_FLASH_Program_IT), (100 bytes).
    Removing stm32f0xx_hal_flash.o(i.HAL_FLASH_Unlock), (40 bytes).
    Removing stm32f0xx_hal_flash.o(.bss), (32 bytes).
    Removing stm32f0xx_hal.o(.rev16_text), (4 bytes).
    Removing stm32f0xx_hal.o(.revsh_text), (4 bytes).
    Removing stm32f0xx_hal.o(i.HAL_DBGMCU_DisableDBGStandbyMode), (16 bytes).
    Removing stm32f0xx_hal.o(i.HAL_DBGMCU_DisableDBGStopMode), (16 bytes).
    Removing stm32f0xx_hal.o(i.HAL_DBGMCU_EnableDBGStandbyMode), (16 bytes).
    Removing stm32f0xx_hal.o(i.HAL_DBGMCU_EnableDBGStopMode), (16 bytes).
    Removing stm32f0xx_hal.o(i.HAL_DeInit), (36 bytes).
    Removing stm32f0xx_hal.o(i.HAL_Delay), (36 bytes).
    Removing stm32f0xx_hal.o(i.HAL_GetDEVID), (16 bytes).
    Removing stm32f0xx_hal.o(i.HAL_GetHalVersion), (8 bytes).
    Removing stm32f0xx_hal.o(i.HAL_GetREVID), (12 bytes).
    Removing stm32f0xx_hal.o(i.HAL_GetTickFreq), (12 bytes).
    Removing stm32f0xx_hal.o(i.HAL_GetTickPrio), (12 bytes).
    Removing stm32f0xx_hal.o(i.HAL_GetUIDw0), (12 bytes).
    Removing stm32f0xx_hal.o(i.HAL_GetUIDw1), (12 bytes).
    Removing stm32f0xx_hal.o(i.HAL_GetUIDw2), (12 bytes).
    Removing stm32f0xx_hal.o(i.HAL_MspDeInit), (2 bytes).
    Removing stm32f0xx_hal.o(i.HAL_ResumeTick), (16 bytes).
    Removing stm32f0xx_hal.o(i.HAL_SetTickFreq), (36 bytes).
    Removing stm32f0xx_hal.o(i.HAL_SuspendTick), (16 bytes).
    Removing stm32f0xx_hal_uart_ex.o(.rev16_text), (4 bytes).
    Removing stm32f0xx_hal_uart_ex.o(.revsh_text), (4 bytes).
    Removing stm32f0xx_hal_uart_ex.o(i.HAL_MultiProcessorEx_AddressLength_Set), (52 bytes).
    Removing stm32f0xx_hal_uart_ex.o(i.HAL_RS485Ex_Init), (136 bytes).
    Removing stm32f0xx_hal_uart_ex.o(i.HAL_UARTEx_DisableStopMode), (48 bytes).
    Removing stm32f0xx_hal_uart_ex.o(i.HAL_UARTEx_EnableStopMode), (48 bytes).
    Removing stm32f0xx_hal_uart_ex.o(i.HAL_UARTEx_ReceiveToIdle), (340 bytes).
    Removing stm32f0xx_hal_uart_ex.o(i.HAL_UARTEx_ReceiveToIdle_DMA), (114 bytes).
    Removing stm32f0xx_hal_uart_ex.o(i.HAL_UARTEx_ReceiveToIdle_IT), (114 bytes).
    Removing stm32f0xx_hal_uart_ex.o(i.HAL_UARTEx_StopModeWakeUpSourceConfig), (152 bytes).
    Removing stm32f0xx_hal_cortex.o(.rev16_text), (4 bytes).
    Removing stm32f0xx_hal_cortex.o(.revsh_text), (4 bytes).
    Removing stm32f0xx_hal_cortex.o(i.HAL_NVIC_ClearPendingIRQ), (24 bytes).
    Removing stm32f0xx_hal_cortex.o(i.HAL_NVIC_GetPendingIRQ), (32 bytes).
    Removing stm32f0xx_hal_cortex.o(i.HAL_NVIC_GetPriority), (52 bytes).
    Removing stm32f0xx_hal_cortex.o(i.HAL_NVIC_SetPendingIRQ), (24 bytes).
    Removing stm32f0xx_hal_cortex.o(i.HAL_NVIC_SystemReset), (28 bytes).
    Removing stm32f0xx_hal_cortex.o(i.HAL_SYSTICK_CLKSourceConfig), (24 bytes).
    Removing stm32f0xx_hal_cortex.o(i.HAL_SYSTICK_Callback), (2 bytes).
    Removing stm32f0xx_hal_cortex.o(i.HAL_SYSTICK_IRQHandler), (8 bytes).
    Removing stm32f0xx_hal_uart.o(.rev16_text), (4 bytes).
    Removing stm32f0xx_hal_uart.o(.revsh_text), (4 bytes).
    Removing stm32f0xx_hal_uart.o(i.HAL_HalfDuplex_EnableReceiver), (78 bytes).
    Removing stm32f0xx_hal_uart.o(i.HAL_HalfDuplex_EnableTransmitter), (78 bytes).
    Removing stm32f0xx_hal_uart.o(i.HAL_HalfDuplex_Init), (116 bytes).
    Removing stm32f0xx_hal_uart.o(i.HAL_LIN_Init), (146 bytes).
    Removing stm32f0xx_hal_uart.o(i.HAL_LIN_SendBreak), (44 bytes).
    Removing stm32f0xx_hal_uart.o(i.HAL_MultiProcessor_DisableMuteMode), (58 bytes).
    Removing stm32f0xx_hal_uart.o(i.HAL_MultiProcessor_EnableMuteMode), (58 bytes).
    Removing stm32f0xx_hal_uart.o(i.HAL_MultiProcessor_EnterMuteMode), (12 bytes).
    Removing stm32f0xx_hal_uart.o(i.HAL_MultiProcessor_Init), (142 bytes).
    Removing stm32f0xx_hal_uart.o(i.HAL_UART_Abort), (252 bytes).
    Removing stm32f0xx_hal_uart.o(i.HAL_UART_AbortCpltCallback), (2 bytes).
    Removing stm32f0xx_hal_uart.o(i.HAL_UART_AbortReceive), (184 bytes).
    Removing stm32f0xx_hal_uart.o(i.HAL_UART_AbortReceiveCpltCallback), (2 bytes).
    Removing stm32f0xx_hal_uart.o(i.HAL_UART_AbortReceive_IT), (200 bytes).
    Removing stm32f0xx_hal_uart.o(i.HAL_UART_AbortTransmit), (112 bytes).
    Removing stm32f0xx_hal_uart.o(i.HAL_UART_AbortTransmitCpltCallback), (2 bytes).
    Removing stm32f0xx_hal_uart.o(i.HAL_UART_AbortTransmit_IT), (116 bytes).
    Removing stm32f0xx_hal_uart.o(i.HAL_UART_Abort_IT), (292 bytes).
    Removing stm32f0xx_hal_uart.o(i.HAL_UART_DMAPause), (150 bytes).
    Removing stm32f0xx_hal_uart.o(i.HAL_UART_DMAResume), (140 bytes).
    Removing stm32f0xx_hal_uart.o(i.HAL_UART_DisableReceiverTimeout), (52 bytes).
    Removing stm32f0xx_hal_uart.o(i.HAL_UART_EnableReceiverTimeout), (52 bytes).
    Removing stm32f0xx_hal_uart.o(i.HAL_UART_ErrorCallback), (2 bytes).
    Removing stm32f0xx_hal_uart.o(i.HAL_UART_GetError), (6 bytes).
    Removing stm32f0xx_hal_uart.o(i.HAL_UART_MspDeInit), (2 bytes).
    Removing stm32f0xx_hal_uart.o(i.HAL_UART_MspInit), (2 bytes).
    Removing stm32f0xx_hal_uart.o(i.HAL_UART_Receive), (272 bytes).
    Removing stm32f0xx_hal_uart.o(i.HAL_UART_Receive_IT), (100 bytes).
    Removing stm32f0xx_hal_uart.o(i.HAL_UART_ReceiverTimeout_Config), (14 bytes).
    Removing stm32f0xx_hal_uart.o(i.HAL_UART_RxCpltCallback), (2 bytes).
    Removing stm32f0xx_hal_uart.o(i.HAL_UART_Transmit), (210 bytes).
    Removing stm32f0xx_hal_uart.o(i.HAL_UART_Transmit_IT), (136 bytes).
    Removing stm32f0xx_hal_uart.o(i.HAL_UART_TxCpltCallback), (2 bytes).
    Removing stm32f0xx_hal_uart.o(i.UART_DMARxAbortCallback), (64 bytes).
    Removing stm32f0xx_hal_uart.o(i.UART_DMARxOnlyAbortCallback), (38 bytes).
    Removing stm32f0xx_hal_uart.o(i.UART_DMATxAbortCallback), (54 bytes).
    Removing stm32f0xx_hal_uart.o(i.UART_DMATxOnlyAbortCallback), (20 bytes).
    Removing stm32f0xx_hal_uart.o(i.UART_RxISR_16BIT), (168 bytes).
    Removing stm32f0xx_hal_uart.o(i.UART_RxISR_8BIT), (168 bytes).
    Removing stm32f0xx_hal_uart.o(i.UART_Start_Receive_IT), (180 bytes).
    Removing stm32f0xx_hal_uart.o(i.UART_TxISR_16BIT), (94 bytes).
    Removing stm32f0xx_hal_uart.o(i.UART_TxISR_8BIT), (90 bytes).
    Removing stm32f0xx_hal_gpio.o(.rev16_text), (4 bytes).
    Removing stm32f0xx_hal_gpio.o(.revsh_text), (4 bytes).
    Removing stm32f0xx_hal_gpio.o(i.HAL_GPIO_EXTI_Callback), (2 bytes).
    Removing stm32f0xx_hal_gpio.o(i.HAL_GPIO_EXTI_IRQHandler), (24 bytes).
    Removing stm32f0xx_hal_gpio.o(i.HAL_GPIO_LockPin), (36 bytes).
    Removing stm32f0xx_hal_gpio.o(i.HAL_GPIO_ReadPin), (10 bytes).
    Removing stm32f0xx_hal_gpio.o(i.HAL_GPIO_TogglePin), (16 bytes).
    Removing stm32f0xx_hal_rtc.o(.rev16_text), (4 bytes).
    Removing stm32f0xx_hal_rtc.o(.revsh_text), (4 bytes).
    Removing stm32f0xx_hal_rtc.o(i.HAL_RTC_AlarmAEventCallback), (2 bytes).
    Removing stm32f0xx_hal_rtc.o(i.HAL_RTC_AlarmIRQHandler), (56 bytes).
    Removing stm32f0xx_hal_rtc.o(i.HAL_RTC_DST_Add1Hour), (32 bytes).
    Removing stm32f0xx_hal_rtc.o(i.HAL_RTC_DST_ClearStoreOperation), (32 bytes).
    Removing stm32f0xx_hal_rtc.o(i.HAL_RTC_DST_ReadStoreOperation), (12 bytes).
    Removing stm32f0xx_hal_rtc.o(i.HAL_RTC_DST_SetStoreOperation), (32 bytes).
    Removing stm32f0xx_hal_rtc.o(i.HAL_RTC_DST_Sub1Hour), (32 bytes).
    Removing stm32f0xx_hal_rtc.o(i.HAL_RTC_DeInit), (196 bytes).
    Removing stm32f0xx_hal_rtc.o(i.HAL_RTC_DeactivateAlarm), (114 bytes).
    Removing stm32f0xx_hal_rtc.o(i.HAL_RTC_GetAlarm), (112 bytes).
    Removing stm32f0xx_hal_rtc.o(i.HAL_RTC_GetDate), (68 bytes).
    Removing stm32f0xx_hal_rtc.o(i.HAL_RTC_GetState), (4 bytes).
    Removing stm32f0xx_hal_rtc.o(i.HAL_RTC_GetTime), (92 bytes).
    Removing stm32f0xx_hal_rtc.o(i.HAL_RTC_Init), (180 bytes).
    Removing stm32f0xx_hal_rtc.o(i.HAL_RTC_MspDeInit), (2 bytes).
    Removing stm32f0xx_hal_rtc.o(i.HAL_RTC_MspInit), (2 bytes).
    Removing stm32f0xx_hal_rtc.o(i.HAL_RTC_PollForAlarmAEvent), (68 bytes).
    Removing stm32f0xx_hal_rtc.o(i.HAL_RTC_SetAlarm), (254 bytes).
    Removing stm32f0xx_hal_rtc.o(i.HAL_RTC_SetAlarm_IT), (292 bytes).
    Removing stm32f0xx_hal_rtc.o(i.HAL_RTC_SetDate), (188 bytes).
    Removing stm32f0xx_hal_rtc.o(i.HAL_RTC_SetTime), (220 bytes).
    Removing stm32f0xx_hal_rtc.o(i.HAL_RTC_WaitForSynchro), (52 bytes).
    Removing stm32f0xx_hal_rtc.o(i.RTC_Bcd2ToByte), (16 bytes).
    Removing stm32f0xx_hal_rtc.o(i.RTC_ByteToBcd2), (22 bytes).
    Removing stm32f0xx_hal_rtc.o(i.RTC_EnterInitMode), (56 bytes).
    Removing main.o(.rev16_text), (4 bytes).
    Removing main.o(.revsh_text), (4 bytes).
    Removing stm32f0xx_it.o(.rev16_text), (4 bytes).
    Removing stm32f0xx_it.o(.revsh_text), (4 bytes).
    Removing stm32f0xx_hal_msp.o(.rev16_text), (4 bytes).
    Removing stm32f0xx_hal_msp.o(.revsh_text), (4 bytes).
    Removing uart.o(.rev16_text), (4 bytes).
    Removing uart.o(.revsh_text), (4 bytes).
    Removing uart.o(i.UART_Tx_ResetIndex), (40 bytes).
    Removing uart.o(i.USAR_UART_IDLECallback), (24 bytes).
    Removing uart.o(.data), (4 bytes).
    Removing flash.o(.rev16_text), (4 bytes).
    Removing flash.o(.revsh_text), (4 bytes).
    Removing flash.o(i.Flash_CheckProgramData), (72 bytes).
    Removing flash.o(i.Flash_Erase), (48 bytes).
    Removing flash.o(i.Flash_ProgramWordByWord), (64 bytes).
    Removing flash.o(.bss), (12 bytes).
    Removing flash.o(.data), (16 bytes).
    Removing cmd.o(.rev16_text), (4 bytes).
    Removing cmd.o(.revsh_text), (4 bytes).
    Removing cmd.o(i.CMD_Write), (24 bytes).
    Removing system_stm32f0xx.o(.rev16_text), (4 bytes).
    Removing system_stm32f0xx.o(.revsh_text), (4 bytes).
    Removing system_stm32f0xx.o(i.SystemCoreClockUpdate), (112 bytes).
    Removing stm32f0xx_hal_dma.o(i.__ARM_common_switch8), (26 bytes).

214 unused section(s) (total 12886 bytes) removed from the image.

==============================================================================

Image Symbol Table

    Local Symbols

    Symbol Name                              Value     Ov Type        Size  Object(Section)

    ../../Drivers/BSP/STM32F072B-Discovery/stm32f072b_discovery.c 0x00000000   Number         0  stm32f072b_discovery.o ABSOLUTE
    ../../Drivers/STM32F0xx_HAL_Driver/Src/stm32f0xx_hal.c 0x00000000   Number         0  stm32f0xx_hal.o ABSOLUTE
    ../../Drivers/STM32F0xx_HAL_Driver/Src/stm32f0xx_hal_cortex.c 0x00000000   Number         0  stm32f0xx_hal_cortex.o ABSOLUTE
    ../../Drivers/STM32F0xx_HAL_Driver/Src/stm32f0xx_hal_dma.c 0x00000000   Number         0  stm32f0xx_hal_dma.o ABSOLUTE
    ../../Drivers/STM32F0xx_HAL_Driver/Src/stm32f0xx_hal_flash.c 0x00000000   Number         0  stm32f0xx_hal_flash.o ABSOLUTE
    ../../Drivers/STM32F0xx_HAL_Driver/Src/stm32f0xx_hal_flash_ex.c 0x00000000   Number         0  stm32f0xx_hal_flash_ex.o ABSOLUTE
    ../../Drivers/STM32F0xx_HAL_Driver/Src/stm32f0xx_hal_gpio.c 0x00000000   Number         0  stm32f0xx_hal_gpio.o ABSOLUTE
    ../../Drivers/STM32F0xx_HAL_Driver/Src/stm32f0xx_hal_rcc.c 0x00000000   Number         0  stm32f0xx_hal_rcc.o ABSOLUTE
    ../../Drivers/STM32F0xx_HAL_Driver/Src/stm32f0xx_hal_rcc_ex.c 0x00000000   Number         0  stm32f0xx_hal_rcc_ex.o ABSOLUTE
    ../../Drivers/STM32F0xx_HAL_Driver/Src/stm32f0xx_hal_uart.c 0x00000000   Number         0  stm32f0xx_hal_uart.o ABSOLUTE
    ../../Drivers/STM32F0xx_HAL_Driver/Src/stm32f0xx_hal_uart_ex.c 0x00000000   Number         0  stm32f0xx_hal_uart_ex.o ABSOLUTE
    ../Src/main.c                            0x00000000   Number         0  main.o ABSOLUTE
    ../Src/stm32f0xx_it.c                    0x00000000   Number         0  stm32f0xx_it.o ABSOLUTE
    ../Src/system_stm32f0xx.c                0x00000000   Number         0  system_stm32f0xx.o ABSOLUTE
    ../clib/microlib/division.c              0x00000000   Number         0  uldiv.o ABSOLUTE
    ../clib/microlib/division.c              0x00000000   Number         0  uidiv.o ABSOLUTE
    ../clib/microlib/init/entry.s            0x00000000   Number         0  entry12a.o ABSOLUTE
    ../clib/microlib/init/entry.s            0x00000000   Number         0  entry8a.o ABSOLUTE
    ../clib/microlib/init/entry.s            0x00000000   Number         0  entry7b.o ABSOLUTE
    ../clib/microlib/init/entry.s            0x00000000   Number         0  entry7a.o ABSOLUTE
    ../clib/microlib/init/entry.s            0x00000000   Number         0  entry11b.o ABSOLUTE
    ../clib/microlib/init/entry.s            0x00000000   Number         0  entry2.o ABSOLUTE
    ../clib/microlib/init/entry.s            0x00000000   Number         0  entry.o ABSOLUTE
    ../clib/microlib/init/entry.s            0x00000000   Number         0  entry11a.o ABSOLUTE
    ../clib/microlib/init/entry.s            0x00000000   Number         0  entry10b.o ABSOLUTE
    ../clib/microlib/init/entry.s            0x00000000   Number         0  entry5.o ABSOLUTE
    ../clib/microlib/init/entry.s            0x00000000   Number         0  entry10a.o ABSOLUTE
    ../clib/microlib/init/entry.s            0x00000000   Number         0  entry9b.o ABSOLUTE
    ../clib/microlib/init/entry.s            0x00000000   Number         0  entry12b.o ABSOLUTE
    ../clib/microlib/init/entry.s            0x00000000   Number         0  entry9a.o ABSOLUTE
    ../clib/microlib/init/entry.s            0x00000000   Number         0  entry8b.o ABSOLUTE
    ../clib/microlib/longlong.c              0x00000000   Number         0  llushr.o ABSOLUTE
    ../clib/microlib/longlong.c              0x00000000   Number         0  llshl.o ABSOLUTE
    ../clib/microlib/string/memset.c         0x00000000   Number         0  memseta.o ABSOLUTE
    ..\..\Drivers\BSP\STM32F072B-Discovery\stm32f072b_discovery.c 0x00000000   Number         0  stm32f072b_discovery.o ABSOLUTE
    ..\..\Drivers\STM32F0xx_HAL_Driver\Src\stm32f0xx_hal.c 0x00000000   Number         0  stm32f0xx_hal.o ABSOLUTE
    ..\..\Drivers\STM32F0xx_HAL_Driver\Src\stm32f0xx_hal_cortex.c 0x00000000   Number         0  stm32f0xx_hal_cortex.o ABSOLUTE
    ..\..\Drivers\STM32F0xx_HAL_Driver\Src\stm32f0xx_hal_dma.c 0x00000000   Number         0  stm32f0xx_hal_dma.o ABSOLUTE
    ..\..\Drivers\STM32F0xx_HAL_Driver\Src\stm32f0xx_hal_flash.c 0x00000000   Number         0  stm32f0xx_hal_flash.o ABSOLUTE
    ..\..\Drivers\STM32F0xx_HAL_Driver\Src\stm32f0xx_hal_flash_ex.c 0x00000000   Number         0  stm32f0xx_hal_flash_ex.o ABSOLUTE
    ..\..\Drivers\STM32F0xx_HAL_Driver\Src\stm32f0xx_hal_gpio.c 0x00000000   Number         0  stm32f0xx_hal_gpio.o ABSOLUTE
    ..\..\Drivers\STM32F0xx_HAL_Driver\Src\stm32f0xx_hal_rcc.c 0x00000000   Number         0  stm32f0xx_hal_rcc.o ABSOLUTE
    ..\..\Drivers\STM32F0xx_HAL_Driver\Src\stm32f0xx_hal_rcc_ex.c 0x00000000   Number         0  stm32f0xx_hal_rcc_ex.o ABSOLUTE
    ..\..\Drivers\STM32F0xx_HAL_Driver\Src\stm32f0xx_hal_rtc.c 0x00000000   Number         0  stm32f0xx_hal_rtc.o ABSOLUTE
    ..\..\Drivers\STM32F0xx_HAL_Driver\Src\stm32f0xx_hal_uart.c 0x00000000   Number         0  stm32f0xx_hal_uart.o ABSOLUTE
    ..\..\Drivers\STM32F0xx_HAL_Driver\Src\stm32f0xx_hal_uart_ex.c 0x00000000   Number         0  stm32f0xx_hal_uart_ex.o ABSOLUTE
    ..\Src\CMD.c                             0x00000000   Number         0  cmd.o ABSOLUTE
    ..\Src\Flash.c                           0x00000000   Number         0  flash.o ABSOLUTE
    ..\Src\UART.c                            0x00000000   Number         0  uart.o ABSOLUTE
    ..\Src\main.c                            0x00000000   Number         0  main.o ABSOLUTE
    ..\Src\stm32f0xx_hal_msp.c               0x00000000   Number         0  stm32f0xx_hal_msp.o ABSOLUTE
    ..\Src\stm32f0xx_it.c                    0x00000000   Number         0  stm32f0xx_it.o ABSOLUTE
    ..\Src\system_stm32f0xx.c                0x00000000   Number         0  system_stm32f0xx.o ABSOLUTE
    ..\\..\\Drivers\\STM32F0xx_HAL_Driver\\Src\\stm32f0xx_hal_rtc.c 0x00000000   Number         0  stm32f0xx_hal_rtc.o ABSOLUTE
    ..\\Src\\CMD.c                           0x00000000   Number         0  cmd.o ABSOLUTE
    ..\\Src\\Flash.c                         0x00000000   Number         0  flash.o ABSOLUTE
    ..\\Src\\UART.c                          0x00000000   Number         0  uart.o ABSOLUTE
    ..\\Src\\stm32f0xx_hal_msp.c             0x00000000   Number         0  stm32f0xx_hal_msp.o ABSOLUTE
    dc.s                                     0x00000000   Number         0  dc.o ABSOLUTE
    handlers.s                               0x00000000   Number         0  handlers.o ABSOLUTE
    init.s                                   0x00000000   Number         0  init.o ABSOLUTE
    startup_stm32f072xb.s                    0x00000000   Number         0  startup_stm32f072xb.o ABSOLUTE
    RESET                                    0x08000000   Section      192  startup_stm32f072xb.o(RESET)
    .ARM.Collect$$$$00000000                 0x080000c0   Section        0  entry.o(.ARM.Collect$$$$00000000)
    .ARM.Collect$$$$00000001                 0x080000c0   Section        4  entry2.o(.ARM.Collect$$$$00000001)
    .ARM.Collect$$$$00000004                 0x080000c4   Section        4  entry5.o(.ARM.Collect$$$$00000004)
    .ARM.Collect$$$$00000008                 0x080000c8   Section        0  entry7b.o(.ARM.Collect$$$$00000008)
    .ARM.Collect$$$$0000000A                 0x080000c8   Section        0  entry8b.o(.ARM.Collect$$$$0000000A)
    .ARM.Collect$$$$0000000B                 0x080000c8   Section        8  entry9a.o(.ARM.Collect$$$$0000000B)
    .ARM.Collect$$$$0000000E                 0x080000d0   Section        4  entry12b.o(.ARM.Collect$$$$0000000E)
    .ARM.Collect$$$$0000000F                 0x080000d4   Section        0  entry10a.o(.ARM.Collect$$$$0000000F)
    .ARM.Collect$$$$00000011                 0x080000d4   Section        0  entry11a.o(.ARM.Collect$$$$00000011)
    .ARM.Collect$$$$00002712                 0x080000d4   Section        4  entry2.o(.ARM.Collect$$$$00002712)
    __lit__00000000                          0x080000d4   Data           4  entry2.o(.ARM.Collect$$$$00002712)
    .text                                    0x080000d8   Section       28  startup_stm32f072xb.o(.text)
    .text                                    0x080000f4   Section        0  uidiv.o(.text)
    .text                                    0x08000120   Section        0  uldiv.o(.text)
    .text                                    0x08000180   Section        0  llushr.o(.text)
    .text                                    0x080001a2   Section        0  memseta.o(.text)
    .text                                    0x080001c6   Section        0  llshl.o(.text)
    .text                                    0x080001e8   Section       36  init.o(.text)
    i.BSP_LED_On                             0x0800020c   Section        0  stm32f072b_discovery.o(i.BSP_LED_On)
    i.CMD_DeCommand                          0x0800022c   Section        0  cmd.o(i.CMD_DeCommand)
    i.CMD_Jump                               0x080002cc   Section        0  cmd.o(i.CMD_Jump)
    i.DMA1_Channel2_3_IRQHandler             0x0800031c   Section        0  stm32f0xx_it.o(i.DMA1_Channel2_3_IRQHandler)
    i.DMA_CalcBaseAndBitshift                0x08000334   Section        0  stm32f0xx_hal_dma.o(i.DMA_CalcBaseAndBitshift)
    DMA_CalcBaseAndBitshift                  0x08000335   Thumb Code    26  stm32f0xx_hal_dma.o(i.DMA_CalcBaseAndBitshift)
    i.DMA_SetConfig                          0x08000358   Section        0  stm32f0xx_hal_dma.o(i.DMA_SetConfig)
    DMA_SetConfig                            0x08000359   Thumb Code    40  stm32f0xx_hal_dma.o(i.DMA_SetConfig)
    i.Error_Handler                          0x08000380   Section        0  main.o(i.Error_Handler)
    i.HAL_DMA_Abort                          0x08000388   Section        0  stm32f0xx_hal_dma.o(i.HAL_DMA_Abort)
    i.HAL_DMA_Abort_IT                       0x080003c8   Section        0  stm32f0xx_hal_dma.o(i.HAL_DMA_Abort_IT)
    i.HAL_DMA_DeInit                         0x08000410   Section        0  stm32f0xx_hal_dma.o(i.HAL_DMA_DeInit)
    i.HAL_DMA_GetError                       0x0800045a   Section        0  stm32f0xx_hal_dma.o(i.HAL_DMA_GetError)
    i.HAL_DMA_IRQHandler                     0x0800045e   Section        0  stm32f0xx_hal_dma.o(i.HAL_DMA_IRQHandler)
    i.HAL_DMA_Init                           0x080004fc   Section        0  stm32f0xx_hal_dma.o(i.HAL_DMA_Init)
    i.HAL_DMA_Start_IT                       0x08000550   Section        0  stm32f0xx_hal_dma.o(i.HAL_DMA_Start_IT)
    i.HAL_GPIO_DeInit                        0x080005bc   Section        0  stm32f0xx_hal_gpio.o(i.HAL_GPIO_DeInit)
    i.HAL_GPIO_Init                          0x080006a0   Section        0  stm32f0xx_hal_gpio.o(i.HAL_GPIO_Init)
    i.HAL_GPIO_WritePin                      0x08000854   Section        0  stm32f0xx_hal_gpio.o(i.HAL_GPIO_WritePin)
    i.HAL_GetTick                            0x08000860   Section        0  stm32f0xx_hal.o(i.HAL_GetTick)
    i.HAL_IncTick                            0x0800086c   Section        0  stm32f0xx_hal.o(i.HAL_IncTick)
    i.HAL_Init                               0x0800087c   Section        0  stm32f0xx_hal.o(i.HAL_Init)
    i.HAL_InitTick                           0x0800089c   Section        0  stm32f0xx_hal.o(i.HAL_InitTick)
    i.HAL_MspInit                            0x080008e0   Section        0  stm32f0xx_hal.o(i.HAL_MspInit)
    i.HAL_NVIC_DisableIRQ                    0x080008e4   Section        0  stm32f0xx_hal_cortex.o(i.HAL_NVIC_DisableIRQ)
    i.HAL_NVIC_EnableIRQ                     0x08000904   Section        0  stm32f0xx_hal_cortex.o(i.HAL_NVIC_EnableIRQ)
    i.HAL_NVIC_SetPriority                   0x0800091c   Section        0  stm32f0xx_hal_cortex.o(i.HAL_NVIC_SetPriority)
    i.HAL_RCC_ClockConfig                    0x08000924   Section        0  stm32f0xx_hal_rcc.o(i.HAL_RCC_ClockConfig)
    i.HAL_RCC_DeInit                         0x08000a38   Section        0  stm32f0xx_hal_rcc.o(i.HAL_RCC_DeInit)
    i.HAL_RCC_GetPCLK1Freq                   0x08000af4   Section        0  stm32f0xx_hal_rcc.o(i.HAL_RCC_GetPCLK1Freq)
    i.HAL_RCC_GetSysClockFreq                0x08000b14   Section        0  stm32f0xx_hal_rcc.o(i.HAL_RCC_GetSysClockFreq)
    i.HAL_RCC_OscConfig                      0x08000ba8   Section        0  stm32f0xx_hal_rcc.o(i.HAL_RCC_OscConfig)
    i.HAL_SYSTICK_Config                     0x08000fac   Section        0  stm32f0xx_hal_cortex.o(i.HAL_SYSTICK_Config)
    i.HAL_UARTEx_RxEventCallback             0x08000fdc   Section        0  stm32f0xx_hal_uart.o(i.HAL_UARTEx_RxEventCallback)
    i.HAL_UARTEx_WakeupCallback              0x08000fde   Section        0  stm32f0xx_hal_uart_ex.o(i.HAL_UARTEx_WakeupCallback)
    i.HAL_UART_DMAStop                       0x08000fe0   Section        0  stm32f0xx_hal_uart.o(i.HAL_UART_DMAStop)
    i.HAL_UART_DeInit                        0x0800107a   Section        0  stm32f0xx_hal_uart.o(i.HAL_UART_DeInit)
    i.HAL_UART_ErrorCallback                 0x080010b8   Section        0  uart.o(i.HAL_UART_ErrorCallback)
    i.HAL_UART_GetState                      0x080010c2   Section        0  stm32f0xx_hal_uart.o(i.HAL_UART_GetState)
    i.HAL_UART_IRQHandler                    0x080010cc   Section        0  stm32f0xx_hal_uart.o(i.HAL_UART_IRQHandler)
    i.HAL_UART_Init                          0x08001370   Section        0  stm32f0xx_hal_uart.o(i.HAL_UART_Init)
    i.HAL_UART_MspDeInit                     0x080013dc   Section        0  stm32f0xx_hal_msp.o(i.HAL_UART_MspDeInit)
    i.HAL_UART_MspInit                       0x08001430   Section        0  stm32f0xx_hal_msp.o(i.HAL_UART_MspInit)
    i.HAL_UART_Receive_DMA                   0x08001510   Section        0  stm32f0xx_hal_uart.o(i.HAL_UART_Receive_DMA)
    i.HAL_UART_RxCpltCallback                0x08001574   Section        0  uart.o(i.HAL_UART_RxCpltCallback)
    i.HAL_UART_RxHalfCpltCallback            0x08001588   Section        0  stm32f0xx_hal_uart.o(i.HAL_UART_RxHalfCpltCallback)
    i.HAL_UART_Transmit_DMA                  0x0800158c   Section        0  stm32f0xx_hal_uart.o(i.HAL_UART_Transmit_DMA)
    i.HAL_UART_TxCpltCallback                0x0800164c   Section        0  uart.o(i.HAL_UART_TxCpltCallback)
    i.HAL_UART_TxHalfCpltCallback            0x08001660   Section        0  stm32f0xx_hal_uart.o(i.HAL_UART_TxHalfCpltCallback)
    i.HardFault_Handler                      0x08001662   Section        0  stm32f0xx_it.o(i.HardFault_Handler)
    i.NMI_Handler                            0x08001664   Section        0  stm32f0xx_it.o(i.NMI_Handler)
    i.PendSV_Handler                         0x08001666   Section        0  stm32f0xx_it.o(i.PendSV_Handler)
    i.SVC_Handler                            0x08001668   Section        0  stm32f0xx_it.o(i.SVC_Handler)
    i.SysTick_Handler                        0x0800166a   Section        0  stm32f0xx_it.o(i.SysTick_Handler)
    i.SystemInit                             0x08001674   Section        0  system_stm32f0xx.o(i.SystemInit)
    i.UART_AdvFeatureConfig                  0x080016d0   Section        0  stm32f0xx_hal_uart.o(i.UART_AdvFeatureConfig)
    i.UART_CheckIdleState                    0x0800179c   Section        0  stm32f0xx_hal_uart.o(i.UART_CheckIdleState)
    i.UART_DMAAbortOnError                   0x08001800   Section        0  stm32f0xx_hal_uart.o(i.UART_DMAAbortOnError)
    UART_DMAAbortOnError                     0x08001801   Thumb Code    20  stm32f0xx_hal_uart.o(i.UART_DMAAbortOnError)
    i.UART_DMAError                          0x08001814   Section        0  stm32f0xx_hal_uart.o(i.UART_DMAError)
    UART_DMAError                            0x08001815   Thumb Code    76  stm32f0xx_hal_uart.o(i.UART_DMAError)
    i.UART_DMAReceiveCplt                    0x08001860   Section        0  stm32f0xx_hal_uart.o(i.UART_DMAReceiveCplt)
    UART_DMAReceiveCplt                      0x08001861   Thumb Code   148  stm32f0xx_hal_uart.o(i.UART_DMAReceiveCplt)
    i.UART_DMARxHalfCplt                     0x080018f4   Section        0  stm32f0xx_hal_uart.o(i.UART_DMARxHalfCplt)
    UART_DMARxHalfCplt                       0x080018f5   Thumb Code    28  stm32f0xx_hal_uart.o(i.UART_DMARxHalfCplt)
    i.UART_DMATransmitCplt                   0x08001910   Section        0  stm32f0xx_hal_uart.o(i.UART_DMATransmitCplt)
    UART_DMATransmitCplt                     0x08001911   Thumb Code    74  stm32f0xx_hal_uart.o(i.UART_DMATransmitCplt)
    i.UART_DMATxHalfCplt                     0x0800195a   Section        0  stm32f0xx_hal_uart.o(i.UART_DMATxHalfCplt)
    UART_DMATxHalfCplt                       0x0800195b   Thumb Code    10  stm32f0xx_hal_uart.o(i.UART_DMATxHalfCplt)
    i.UART_EndRxTransfer                     0x08001964   Section        0  stm32f0xx_hal_uart.o(i.UART_EndRxTransfer)
    UART_EndRxTransfer                       0x08001965   Thumb Code    94  stm32f0xx_hal_uart.o(i.UART_EndRxTransfer)
    i.UART_EndTxTransfer                     0x080019c2   Section        0  stm32f0xx_hal_uart.o(i.UART_EndTxTransfer)
    UART_EndTxTransfer                       0x080019c3   Thumb Code    32  stm32f0xx_hal_uart.o(i.UART_EndTxTransfer)
    i.UART_GetUartRxFlag                     0x080019e4   Section        0  uart.o(i.UART_GetUartRxFlag)
    i.UART_Init                              0x080019f0   Section        0  uart.o(i.UART_Init)
    i.UART_Rx                                0x08001a4c   Section        0  uart.o(i.UART_Rx)
    i.UART_Rx_IRQ                            0x08001ab0   Section        0  uart.o(i.UART_Rx_IRQ)
    i.UART_Rx_ResetIndex                     0x08001adc   Section        0  uart.o(i.UART_Rx_ResetIndex)
    i.UART_SetConfig                         0x08001b04   Section        0  stm32f0xx_hal_uart.o(i.UART_SetConfig)
    i.UART_SetUartRxFlag                     0x08001c68   Section        0  uart.o(i.UART_SetUartRxFlag)
    i.UART_Start_Receive_DMA                 0x08001c74   Section        0  stm32f0xx_hal_uart.o(i.UART_Start_Receive_DMA)
    i.UART_Tx                                0x08001d24   Section        0  uart.o(i.UART_Tx)
    i.UART_WaitOnFlagUntilTimeout            0x08001d58   Section        0  stm32f0xx_hal_uart.o(i.UART_WaitOnFlagUntilTimeout)
    i.USART1_IRQHandler                      0x08001e2c   Section        0  stm32f0xx_it.o(i.USART1_IRQHandler)
    i.__ARM_common_ll_muluu                  0x08001e40   Section        0  stm32f0xx_hal_rcc.o(i.__ARM_common_ll_muluu)
    i.__NVIC_SetPriority                     0x08001e70   Section        0  stm32f0xx_hal_cortex.o(i.__NVIC_SetPriority)
    __NVIC_SetPriority                       0x08001e71   Thumb Code    60  stm32f0xx_hal_cortex.o(i.__NVIC_SetPriority)
    i.__scatterload_copy                     0x08001eb4   Section       14  handlers.o(i.__scatterload_copy)
    i.__scatterload_null                     0x08001ec2   Section        2  handlers.o(i.__scatterload_null)
    i.__scatterload_zeroinit                 0x08001ec4   Section       14  handlers.o(i.__scatterload_zeroinit)
    i.main                                   0x08001ed4   Section        0  main.o(i.main)
    .constdata                               0x08001f38   Section       12  stm32f072b_discovery.o(.constdata)
    .constdata                               0x08001f44   Section       16  system_stm32f0xx.o(.constdata)
    .constdata                               0x08001f54   Section        8  system_stm32f0xx.o(.constdata)
    .data                                    0x20000000   Section       20  stm32f072b_discovery.o(.data)
    .data                                    0x20000014   Section       12  stm32f0xx_hal.o(.data)
    .data                                    0x20000020   Section        2  uart.o(.data)
    .data                                    0x20000024   Section        8  cmd.o(.data)
    .data                                    0x2000002c   Section        4  system_stm32f0xx.o(.data)
    .bss                                     0x20000030   Section      136  stm32f0xx_hal_msp.o(.bss)
    hdma_tx                                  0x20000030   Data          68  stm32f0xx_hal_msp.o(.bss)
    hdma_rx                                  0x20000074   Data          68  stm32f0xx_hal_msp.o(.bss)
    .bss                                     0x200000b8   Section      364  uart.o(.bss)
    STACK                                    0x20000228   Section     1024  startup_stm32f072xb.o(STACK)

    Global Symbols

    Symbol Name                              Value     Ov Type        Size  Object(Section)

    BuildAttributes$$THM_ISAv3M$S$PE$A:L22$X:L11$S22$IEEE1$IW$USESV6$~STKCKD$USESV7$~SHL$OSPACE$EBA8$MICROLIB$REQ8$PRES8$EABIv2 0x00000000   Number         0  anon$$obj.o ABSOLUTE
    __ARM_use_no_argv                        0x00000000   Number         0  main.o ABSOLUTE
    __arm_fini_                               - Undefined Weak Reference
    __cpp_initialize__aeabi_                  - Undefined Weak Reference
    __cxa_finalize                            - Undefined Weak Reference
    __decompress                              - Undefined Weak Reference
    _clock_init                               - Undefined Weak Reference
    _microlib_exit                            - Undefined Weak Reference
    __Vectors_Size                           0x000000c0   Number         0  startup_stm32f072xb.o ABSOLUTE
    __Vectors                                0x08000000   Data           4  startup_stm32f072xb.o(RESET)
    __Vectors_End                            0x080000c0   Data           0  startup_stm32f072xb.o(RESET)
    __main                                   0x080000c1   Thumb Code     0  entry.o(.ARM.Collect$$$$00000000)
    _main_stk                                0x080000c1   Thumb Code     0  entry2.o(.ARM.Collect$$$$00000001)
    _main_scatterload                        0x080000c5   Thumb Code     0  entry5.o(.ARM.Collect$$$$00000004)
    __main_after_scatterload                 0x080000c9   Thumb Code     0  entry5.o(.ARM.Collect$$$$00000004)
    _main_clock                              0x080000c9   Thumb Code     0  entry7b.o(.ARM.Collect$$$$00000008)
    _main_cpp_init                           0x080000c9   Thumb Code     0  entry8b.o(.ARM.Collect$$$$0000000A)
    _main_init                               0x080000c9   Thumb Code     0  entry9a.o(.ARM.Collect$$$$0000000B)
    __rt_lib_shutdown_fini                   0x080000d1   Thumb Code     0  entry12b.o(.ARM.Collect$$$$0000000E)
    __rt_final_cpp                           0x080000d5   Thumb Code     0  entry10a.o(.ARM.Collect$$$$0000000F)
    __rt_final_exit                          0x080000d5   Thumb Code     0  entry11a.o(.ARM.Collect$$$$00000011)
    Reset_Handler                            0x080000d9   Thumb Code     8  startup_stm32f072xb.o(.text)
    ADC1_COMP_IRQHandler                     0x080000eb   Thumb Code     0  startup_stm32f072xb.o(.text)
    CEC_CAN_IRQHandler                       0x080000eb   Thumb Code     0  startup_stm32f072xb.o(.text)
    DMA1_Channel1_IRQHandler                 0x080000eb   Thumb Code     0  startup_stm32f072xb.o(.text)
    DMA1_Channel4_5_6_7_IRQHandler           0x080000eb   Thumb Code     0  startup_stm32f072xb.o(.text)
    EXTI0_1_IRQHandler                       0x080000eb   Thumb Code     0  startup_stm32f072xb.o(.text)
    EXTI2_3_IRQHandler                       0x080000eb   Thumb Code     0  startup_stm32f072xb.o(.text)
    EXTI4_15_IRQHandler                      0x080000eb   Thumb Code     0  startup_stm32f072xb.o(.text)
    FLASH_IRQHandler                         0x080000eb   Thumb Code     0  startup_stm32f072xb.o(.text)
    I2C1_IRQHandler                          0x080000eb   Thumb Code     0  startup_stm32f072xb.o(.text)
    I2C2_IRQHandler                          0x080000eb   Thumb Code     0  startup_stm32f072xb.o(.text)
    PVD_VDDIO2_IRQHandler                    0x080000eb   Thumb Code     0  startup_stm32f072xb.o(.text)
    RCC_CRS_IRQHandler                       0x080000eb   Thumb Code     0  startup_stm32f072xb.o(.text)
    RTC_IRQHandler                           0x080000eb   Thumb Code     0  startup_stm32f072xb.o(.text)
    SPI1_IRQHandler                          0x080000eb   Thumb Code     0  startup_stm32f072xb.o(.text)
    SPI2_IRQHandler                          0x080000eb   Thumb Code     0  startup_stm32f072xb.o(.text)
    TIM14_IRQHandler                         0x080000eb   Thumb Code     0  startup_stm32f072xb.o(.text)
    TIM15_IRQHandler                         0x080000eb   Thumb Code     0  startup_stm32f072xb.o(.text)
    TIM16_IRQHandler                         0x080000eb   Thumb Code     0  startup_stm32f072xb.o(.text)
    TIM17_IRQHandler                         0x080000eb   Thumb Code     0  startup_stm32f072xb.o(.text)
    TIM1_BRK_UP_TRG_COM_IRQHandler           0x080000eb   Thumb Code     0  startup_stm32f072xb.o(.text)
    TIM1_CC_IRQHandler                       0x080000eb   Thumb Code     0  startup_stm32f072xb.o(.text)
    TIM2_IRQHandler                          0x080000eb   Thumb Code     0  startup_stm32f072xb.o(.text)
    TIM3_IRQHandler                          0x080000eb   Thumb Code     0  startup_stm32f072xb.o(.text)
    TIM6_DAC_IRQHandler                      0x080000eb   Thumb Code     0  startup_stm32f072xb.o(.text)
    TIM7_IRQHandler                          0x080000eb   Thumb Code     0  startup_stm32f072xb.o(.text)
    TSC_IRQHandler                           0x080000eb   Thumb Code     0  startup_stm32f072xb.o(.text)
    USART2_IRQHandler                        0x080000eb   Thumb Code     0  startup_stm32f072xb.o(.text)
    USART3_4_IRQHandler                      0x080000eb   Thumb Code     0  startup_stm32f072xb.o(.text)
    USB_IRQHandler                           0x080000eb   Thumb Code     0  startup_stm32f072xb.o(.text)
    WWDG_IRQHandler                          0x080000eb   Thumb Code     0  startup_stm32f072xb.o(.text)
    __aeabi_uidiv                            0x080000f5   Thumb Code     0  uidiv.o(.text)
    __aeabi_uidivmod                         0x080000f5   Thumb Code    44  uidiv.o(.text)
    __aeabi_uldivmod                         0x08000121   Thumb Code    96  uldiv.o(.text)
    __aeabi_llsr                             0x08000181   Thumb Code    34  llushr.o(.text)
    _ll_ushift_r                             0x08000181   Thumb Code     0  llushr.o(.text)
    __aeabi_memset                           0x080001a3   Thumb Code    14  memseta.o(.text)
    __aeabi_memset4                          0x080001a3   Thumb Code     0  memseta.o(.text)
    __aeabi_memset8                          0x080001a3   Thumb Code     0  memseta.o(.text)
    __aeabi_memclr                           0x080001b1   Thumb Code     4  memseta.o(.text)
    __aeabi_memclr4                          0x080001b1   Thumb Code     0  memseta.o(.text)
    __aeabi_memclr8                          0x080001b1   Thumb Code     0  memseta.o(.text)
    _memset$wrapper                          0x080001b5   Thumb Code    18  memseta.o(.text)
    __aeabi_llsl                             0x080001c7   Thumb Code    32  llshl.o(.text)
    _ll_shift_l                              0x080001c7   Thumb Code     0  llshl.o(.text)
    __scatterload                            0x080001e9   Thumb Code    28  init.o(.text)
    __scatterload_rt2                        0x080001e9   Thumb Code     0  init.o(.text)
    BSP_LED_On                               0x0800020d   Thumb Code    22  stm32f072b_discovery.o(i.BSP_LED_On)
    CMD_DeCommand                            0x0800022d   Thumb Code    96  cmd.o(i.CMD_DeCommand)
    CMD_Jump                                 0x080002cd   Thumb Code    68  cmd.o(i.CMD_Jump)
    DMA1_Channel2_3_IRQHandler               0x0800031d   Thumb Code    18  stm32f0xx_it.o(i.DMA1_Channel2_3_IRQHandler)
    Error_Handler                            0x08000381   Thumb Code     8  main.o(i.Error_Handler)
    HAL_DMA_Abort                            0x08000389   Thumb Code    64  stm32f0xx_hal_dma.o(i.HAL_DMA_Abort)
    HAL_DMA_Abort_IT                         0x080003c9   Thumb Code    72  stm32f0xx_hal_dma.o(i.HAL_DMA_Abort_IT)
    HAL_DMA_DeInit                           0x08000411   Thumb Code    74  stm32f0xx_hal_dma.o(i.HAL_DMA_DeInit)
    HAL_DMA_GetError                         0x0800045b   Thumb Code     4  stm32f0xx_hal_dma.o(i.HAL_DMA_GetError)
    HAL_DMA_IRQHandler                       0x0800045f   Thumb Code   156  stm32f0xx_hal_dma.o(i.HAL_DMA_IRQHandler)
    HAL_DMA_Init                             0x080004fd   Thumb Code    78  stm32f0xx_hal_dma.o(i.HAL_DMA_Init)
    HAL_DMA_Start_IT                         0x08000551   Thumb Code   106  stm32f0xx_hal_dma.o(i.HAL_DMA_Start_IT)
    HAL_GPIO_DeInit                          0x080005bd   Thumb Code   202  stm32f0xx_hal_gpio.o(i.HAL_GPIO_DeInit)
    HAL_GPIO_Init                            0x080006a1   Thumb Code   406  stm32f0xx_hal_gpio.o(i.HAL_GPIO_Init)
    HAL_GPIO_WritePin                        0x08000855   Thumb Code    12  stm32f0xx_hal_gpio.o(i.HAL_GPIO_WritePin)
    HAL_GetTick                              0x08000861   Thumb Code     6  stm32f0xx_hal.o(i.HAL_GetTick)
    HAL_IncTick                              0x0800086d   Thumb Code    12  stm32f0xx_hal.o(i.HAL_IncTick)
    HAL_Init                                 0x0800087d   Thumb Code    26  stm32f0xx_hal.o(i.HAL_Init)
    HAL_InitTick                             0x0800089d   Thumb Code    58  stm32f0xx_hal.o(i.HAL_InitTick)
    HAL_MspInit                              0x080008e1   Thumb Code     2  stm32f0xx_hal.o(i.HAL_MspInit)
    HAL_NVIC_DisableIRQ                      0x080008e5   Thumb Code    26  stm32f0xx_hal_cortex.o(i.HAL_NVIC_DisableIRQ)
    HAL_NVIC_EnableIRQ                       0x08000905   Thumb Code    18  stm32f0xx_hal_cortex.o(i.HAL_NVIC_EnableIRQ)
    HAL_NVIC_SetPriority                     0x0800091d   Thumb Code     8  stm32f0xx_hal_cortex.o(i.HAL_NVIC_SetPriority)
    HAL_RCC_ClockConfig                      0x08000925   Thumb Code   254  stm32f0xx_hal_rcc.o(i.HAL_RCC_ClockConfig)
    HAL_RCC_DeInit                           0x08000a39   Thumb Code   158  stm32f0xx_hal_rcc.o(i.HAL_RCC_DeInit)
    HAL_RCC_GetPCLK1Freq                     0x08000af5   Thumb Code    20  stm32f0xx_hal_rcc.o(i.HAL_RCC_GetPCLK1Freq)
    HAL_RCC_GetSysClockFreq                  0x08000b15   Thumb Code   102  stm32f0xx_hal_rcc.o(i.HAL_RCC_GetSysClockFreq)
    HAL_RCC_OscConfig                        0x08000ba9   Thumb Code  1028  stm32f0xx_hal_rcc.o(i.HAL_RCC_OscConfig)
    HAL_SYSTICK_Config                       0x08000fad   Thumb Code    38  stm32f0xx_hal_cortex.o(i.HAL_SYSTICK_Config)
    HAL_UARTEx_RxEventCallback               0x08000fdd   Thumb Code     2  stm32f0xx_hal_uart.o(i.HAL_UARTEx_RxEventCallback)
    HAL_UARTEx_WakeupCallback                0x08000fdf   Thumb Code     2  stm32f0xx_hal_uart_ex.o(i.HAL_UARTEx_WakeupCallback)
    HAL_UART_DMAStop                         0x08000fe1   Thumb Code   154  stm32f0xx_hal_uart.o(i.HAL_UART_DMAStop)
    HAL_UART_DeInit                          0x0800107b   Thumb Code    62  stm32f0xx_hal_uart.o(i.HAL_UART_DeInit)
    HAL_UART_ErrorCallback                   0x080010b9   Thumb Code    10  uart.o(i.HAL_UART_ErrorCallback)
    HAL_UART_GetState                        0x080010c3   Thumb Code    10  stm32f0xx_hal_uart.o(i.HAL_UART_GetState)
    HAL_UART_IRQHandler                      0x080010cd   Thumb Code   662  stm32f0xx_hal_uart.o(i.HAL_UART_IRQHandler)
    HAL_UART_Init                            0x08001371   Thumb Code   106  stm32f0xx_hal_uart.o(i.HAL_UART_Init)
    HAL_UART_MspDeInit                       0x080013dd   Thumb Code    78  stm32f0xx_hal_msp.o(i.HAL_UART_MspDeInit)
    HAL_UART_MspInit                         0x08001431   Thumb Code   212  stm32f0xx_hal_msp.o(i.HAL_UART_MspInit)
    HAL_UART_Receive_DMA                     0x08001511   Thumb Code   100  stm32f0xx_hal_uart.o(i.HAL_UART_Receive_DMA)
    HAL_UART_RxCpltCallback                  0x08001575   Thumb Code    16  uart.o(i.HAL_UART_RxCpltCallback)
    HAL_UART_RxHalfCpltCallback              0x08001589   Thumb Code     2  stm32f0xx_hal_uart.o(i.HAL_UART_RxHalfCpltCallback)
    HAL_UART_Transmit_DMA                    0x0800158d   Thumb Code   180  stm32f0xx_hal_uart.o(i.HAL_UART_Transmit_DMA)
    HAL_UART_TxCpltCallback                  0x0800164d   Thumb Code    16  uart.o(i.HAL_UART_TxCpltCallback)
    HAL_UART_TxHalfCpltCallback              0x08001661   Thumb Code     2  stm32f0xx_hal_uart.o(i.HAL_UART_TxHalfCpltCallback)
    HardFault_Handler                        0x08001663   Thumb Code     2  stm32f0xx_it.o(i.HardFault_Handler)
    NMI_Handler                              0x08001665   Thumb Code     2  stm32f0xx_it.o(i.NMI_Handler)
    PendSV_Handler                           0x08001667   Thumb Code     2  stm32f0xx_it.o(i.PendSV_Handler)
    SVC_Handler                              0x08001669   Thumb Code     2  stm32f0xx_it.o(i.SVC_Handler)
    SysTick_Handler                          0x0800166b   Thumb Code     8  stm32f0xx_it.o(i.SysTick_Handler)
    SystemInit                               0x08001675   Thumb Code    76  system_stm32f0xx.o(i.SystemInit)
    UART_AdvFeatureConfig                    0x080016d1   Thumb Code   202  stm32f0xx_hal_uart.o(i.UART_AdvFeatureConfig)
    UART_CheckIdleState                      0x0800179d   Thumb Code    94  stm32f0xx_hal_uart.o(i.UART_CheckIdleState)
    UART_GetUartRxFlag                       0x080019e5   Thumb Code     6  uart.o(i.UART_GetUartRxFlag)
    UART_Init                                0x080019f1   Thumb Code    82  uart.o(i.UART_Init)
    UART_Rx                                  0x08001a4d   Thumb Code    90  uart.o(i.UART_Rx)
    UART_Rx_IRQ                              0x08001ab1   Thumb Code    36  uart.o(i.UART_Rx_IRQ)
    UART_Rx_ResetIndex                       0x08001add   Thumb Code    36  uart.o(i.UART_Rx_ResetIndex)
    UART_SetConfig                           0x08001b05   Thumb Code   322  stm32f0xx_hal_uart.o(i.UART_SetConfig)
    UART_SetUartRxFlag                       0x08001c69   Thumb Code     6  uart.o(i.UART_SetUartRxFlag)
    UART_Start_Receive_DMA                   0x08001c75   Thumb Code   164  stm32f0xx_hal_uart.o(i.UART_Start_Receive_DMA)
    UART_Tx                                  0x08001d25   Thumb Code    44  uart.o(i.UART_Tx)
    UART_WaitOnFlagUntilTimeout              0x08001d59   Thumb Code   212  stm32f0xx_hal_uart.o(i.UART_WaitOnFlagUntilTimeout)
    USART1_IRQHandler                        0x08001e2d   Thumb Code    14  stm32f0xx_it.o(i.USART1_IRQHandler)
    __ARM_common_ll_muluu                    0x08001e41   Thumb Code    48  stm32f0xx_hal_rcc.o(i.__ARM_common_ll_muluu)
    __scatterload_copy                       0x08001eb5   Thumb Code    14  handlers.o(i.__scatterload_copy)
    __scatterload_null                       0x08001ec3   Thumb Code     2  handlers.o(i.__scatterload_null)
    __scatterload_zeroinit                   0x08001ec5   Thumb Code    14  handlers.o(i.__scatterload_zeroinit)
    main                                     0x08001ed5   Thumb Code    88  main.o(i.main)
    BUTTON_IRQn                              0x08001f38   Data           1  stm32f072b_discovery.o(.constdata)
    BUTTON_PIN                               0x08001f3a   Data           2  stm32f072b_discovery.o(.constdata)
    LED_PIN                                  0x08001f3c   Data           8  stm32f072b_discovery.o(.constdata)
    AHBPrescTable                            0x08001f44   Data          16  system_stm32f0xx.o(.constdata)
    APBPrescTable                            0x08001f54   Data           8  system_stm32f0xx.o(.constdata)
    Region$$Table$$Base                      0x08001f5c   Number         0  anon$$obj.o(Region$$Table)
    Region$$Table$$Limit                     0x08001f7c   Number         0  anon$$obj.o(Region$$Table)
    BUTTON_PORT                              0x20000000   Data           4  stm32f072b_discovery.o(.data)
    LED_PORT                                 0x20000004   Data          16  stm32f072b_discovery.o(.data)
    uwTickFreq                               0x20000014   Data           1  stm32f0xx_hal.o(.data)
    uwTickPrio                               0x20000018   Data           4  stm32f0xx_hal.o(.data)
    uwTick                                   0x2000001c   Data           4  stm32f0xx_hal.o(.data)
    UartReadyFlag                            0x20000020   Data           1  uart.o(.data)
    UartRxFlag                               0x20000021   Data           1  uart.o(.data)
    JumpToApplication                        0x20000024   Data           4  cmd.o(.data)
    JumpAddress                              0x20000028   Data           4  cmd.o(.data)
    SystemCoreClock                          0x2000002c   Data           4  system_stm32f0xx.o(.data)
    aTxBuffer                                0x200000b8   Data         200  uart.o(.bss)
    UartHandle                               0x20000180   Data         132  uart.o(.bss)
    aRxBuffer                                0x20000204   Data          32  uart.o(.bss)
    __initial_sp                             0x20000628   Data           0  startup_stm32f072xb.o(STACK)



==============================================================================

Memory Map of the image

  Image Entry point : 0x080000c1

  Load Region LR_IROM1 (Base: 0x08000000, Size: 0x00001fac, Max: 0x00020000, ABSOLUTE)

    Execution Region ER_IROM1 (Exec base: 0x08000000, Load base: 0x08000000, Size: 0x00001f7c, Max: 0x00020000, ABSOLUTE)

    Exec Addr    Load Addr    Size         Type   Attr      Idx    E Section Name        Object

    0x08000000   0x08000000   0x000000c0   Data   RO            3    RESET               startup_stm32f072xb.o
    0x080000c0   0x080000c0   0x00000000   Code   RO         1885  * .ARM.Collect$$$$00000000  mc_p.l(entry.o)
    0x080000c0   0x080000c0   0x00000004   Code   RO         1896    .ARM.Collect$$$$00000001  mc_p.l(entry2.o)
    0x080000c4   0x080000c4   0x00000004   Code   RO         1899    .ARM.Collect$$$$00000004  mc_p.l(entry5.o)
    0x080000c8   0x080000c8   0x00000000   Code   RO         1901    .ARM.Collect$$$$00000008  mc_p.l(entry7b.o)
    0x080000c8   0x080000c8   0x00000000   Code   RO         1903    .ARM.Collect$$$$0000000A  mc_p.l(entry8b.o)
    0x080000c8   0x080000c8   0x00000008   Code   RO         1904    .ARM.Collect$$$$0000000B  mc_p.l(entry9a.o)
    0x080000d0   0x080000d0   0x00000004   Code   RO         1911    .ARM.Collect$$$$0000000E  mc_p.l(entry12b.o)
    0x080000d4   0x080000d4   0x00000000   Code   RO         1906    .ARM.Collect$$$$0000000F  mc_p.l(entry10a.o)
    0x080000d4   0x080000d4   0x00000000   Code   RO         1908    .ARM.Collect$$$$00000011  mc_p.l(entry11a.o)
    0x080000d4   0x080000d4   0x00000004   Code   RO         1897    .ARM.Collect$$$$00002712  mc_p.l(entry2.o)
    0x080000d8   0x080000d8   0x0000001c   Code   RO            4    .text               startup_stm32f072xb.o
    0x080000f4   0x080000f4   0x0000002c   Code   RO         1888    .text               mc_p.l(uidiv.o)
    0x08000120   0x08000120   0x00000060   Code   RO         1890    .text               mc_p.l(uldiv.o)
    0x08000180   0x08000180   0x00000022   Code   RO         1892    .text               mc_p.l(llushr.o)
    0x080001a2   0x080001a2   0x00000024   Code   RO         1894    .text               mc_p.l(memseta.o)
    0x080001c6   0x080001c6   0x00000020   Code   RO         1912    .text               mc_p.l(llshl.o)
    0x080001e6   0x080001e6   0x00000002   PAD
    0x080001e8   0x080001e8   0x00000024   Code   RO         1914    .text               mc_p.l(init.o)
    0x0800020c   0x0800020c   0x00000020   Code   RO           15    i.BSP_LED_On        stm32f072b_discovery.o
    0x0800022c   0x0800022c   0x000000a0   Code   RO         1814    i.CMD_DeCommand     cmd.o
    0x080002cc   0x080002cc   0x00000050   Code   RO         1815    i.CMD_Jump          cmd.o
    0x0800031c   0x0800031c   0x00000018   Code   RO         1600    i.DMA1_Channel2_3_IRQHandler  stm32f0xx_it.o
    0x08000334   0x08000334   0x00000024   Code   RO          165    i.DMA_CalcBaseAndBitshift  stm32f0xx_hal_dma.o
    0x08000358   0x08000358   0x00000028   Code   RO          166    i.DMA_SetConfig     stm32f0xx_hal_dma.o
    0x08000380   0x08000380   0x00000008   Code   RO         1559    i.Error_Handler     main.o
    0x08000388   0x08000388   0x00000040   Code   RO          167    i.HAL_DMA_Abort     stm32f0xx_hal_dma.o
    0x080003c8   0x080003c8   0x00000048   Code   RO          168    i.HAL_DMA_Abort_IT  stm32f0xx_hal_dma.o
    0x08000410   0x08000410   0x0000004a   Code   RO          169    i.HAL_DMA_DeInit    stm32f0xx_hal_dma.o
    0x0800045a   0x0800045a   0x00000004   Code   RO          170    i.HAL_DMA_GetError  stm32f0xx_hal_dma.o
    0x0800045e   0x0800045e   0x0000009c   Code   RO          172    i.HAL_DMA_IRQHandler  stm32f0xx_hal_dma.o
    0x080004fa   0x080004fa   0x00000002   PAD
    0x080004fc   0x080004fc   0x00000054   Code   RO          173    i.HAL_DMA_Init      stm32f0xx_hal_dma.o
    0x08000550   0x08000550   0x0000006a   Code   RO          177    i.HAL_DMA_Start_IT  stm32f0xx_hal_dma.o
    0x080005ba   0x080005ba   0x00000002   PAD
    0x080005bc   0x080005bc   0x000000e4   Code   RO         1334    i.HAL_GPIO_DeInit   stm32f0xx_hal_gpio.o
    0x080006a0   0x080006a0   0x000001b4   Code   RO         1337    i.HAL_GPIO_Init     stm32f0xx_hal_gpio.o
    0x08000854   0x08000854   0x0000000c   Code   RO         1341    i.HAL_GPIO_WritePin  stm32f0xx_hal_gpio.o
    0x08000860   0x08000860   0x0000000c   Code   RO          632    i.HAL_GetTick       stm32f0xx_hal.o
    0x0800086c   0x0800086c   0x00000010   Code   RO          638    i.HAL_IncTick       stm32f0xx_hal.o
    0x0800087c   0x0800087c   0x00000020   Code   RO          639    i.HAL_Init          stm32f0xx_hal.o
    0x0800089c   0x0800089c   0x00000044   Code   RO          640    i.HAL_InitTick      stm32f0xx_hal.o
    0x080008e0   0x080008e0   0x00000002   Code   RO          642    i.HAL_MspInit       stm32f0xx_hal.o
    0x080008e2   0x080008e2   0x00000002   PAD
    0x080008e4   0x080008e4   0x00000020   Code   RO          853    i.HAL_NVIC_DisableIRQ  stm32f0xx_hal_cortex.o
    0x08000904   0x08000904   0x00000018   Code   RO          854    i.HAL_NVIC_EnableIRQ  stm32f0xx_hal_cortex.o
    0x0800091c   0x0800091c   0x00000008   Code   RO          858    i.HAL_NVIC_SetPriority  stm32f0xx_hal_cortex.o
    0x08000924   0x08000924   0x00000114   Code   RO          350    i.HAL_RCC_ClockConfig  stm32f0xx_hal_rcc.o
    0x08000a38   0x08000a38   0x000000bc   Code   RO          351    i.HAL_RCC_DeInit    stm32f0xx_hal_rcc.o
    0x08000af4   0x08000af4   0x00000020   Code   RO          357    i.HAL_RCC_GetPCLK1Freq  stm32f0xx_hal_rcc.o
    0x08000b14   0x08000b14   0x00000094   Code   RO          358    i.HAL_RCC_GetSysClockFreq  stm32f0xx_hal_rcc.o
    0x08000ba8   0x08000ba8   0x00000404   Code   RO          361    i.HAL_RCC_OscConfig  stm32f0xx_hal_rcc.o
    0x08000fac   0x08000fac   0x00000030   Code   RO          862    i.HAL_SYSTICK_Config  stm32f0xx_hal_cortex.o
    0x08000fdc   0x08000fdc   0x00000002   Code   RO          955    i.HAL_UARTEx_RxEventCallback  stm32f0xx_hal_uart.o
    0x08000fde   0x08000fde   0x00000002   Code   RO          789    i.HAL_UARTEx_WakeupCallback  stm32f0xx_hal_uart_ex.o
    0x08000fe0   0x08000fe0   0x0000009a   Code   RO          967    i.HAL_UART_DMAStop  stm32f0xx_hal_uart.o
    0x0800107a   0x0800107a   0x0000003e   Code   RO          968    i.HAL_UART_DeInit   stm32f0xx_hal_uart.o
    0x080010b8   0x080010b8   0x0000000a   Code   RO         1687    i.HAL_UART_ErrorCallback  uart.o
    0x080010c2   0x080010c2   0x0000000a   Code   RO          973    i.HAL_UART_GetState  stm32f0xx_hal_uart.o
    0x080010cc   0x080010cc   0x000002a4   Code   RO          974    i.HAL_UART_IRQHandler  stm32f0xx_hal_uart.o
    0x08001370   0x08001370   0x0000006a   Code   RO          975    i.HAL_UART_Init     stm32f0xx_hal_uart.o
    0x080013da   0x080013da   0x00000002   PAD
    0x080013dc   0x080013dc   0x00000054   Code   RO         1660    i.HAL_UART_MspDeInit  stm32f0xx_hal_msp.o
    0x08001430   0x08001430   0x000000e0   Code   RO         1661    i.HAL_UART_MspInit  stm32f0xx_hal_msp.o
    0x08001510   0x08001510   0x00000064   Code   RO          979    i.HAL_UART_Receive_DMA  stm32f0xx_hal_uart.o
    0x08001574   0x08001574   0x00000014   Code   RO         1688    i.HAL_UART_RxCpltCallback  uart.o
    0x08001588   0x08001588   0x00000002   Code   RO          983    i.HAL_UART_RxHalfCpltCallback  stm32f0xx_hal_uart.o
    0x0800158a   0x0800158a   0x00000002   PAD
    0x0800158c   0x0800158c   0x000000c0   Code   RO          985    i.HAL_UART_Transmit_DMA  stm32f0xx_hal_uart.o
    0x0800164c   0x0800164c   0x00000014   Code   RO         1689    i.HAL_UART_TxCpltCallback  uart.o
    0x08001660   0x08001660   0x00000002   Code   RO          988    i.HAL_UART_TxHalfCpltCallback  stm32f0xx_hal_uart.o
    0x08001662   0x08001662   0x00000002   Code   RO         1601    i.HardFault_Handler  stm32f0xx_it.o
    0x08001664   0x08001664   0x00000002   Code   RO         1602    i.NMI_Handler       stm32f0xx_it.o
    0x08001666   0x08001666   0x00000002   Code   RO         1603    i.PendSV_Handler    stm32f0xx_it.o
    0x08001668   0x08001668   0x00000002   Code   RO         1604    i.SVC_Handler       stm32f0xx_it.o
    0x0800166a   0x0800166a   0x00000008   Code   RO         1605    i.SysTick_Handler   stm32f0xx_it.o
    0x08001672   0x08001672   0x00000002   PAD
    0x08001674   0x08001674   0x0000005c   Code   RO         1854    i.SystemInit        system_stm32f0xx.o
    0x080016d0   0x080016d0   0x000000ca   Code   RO          989    i.UART_AdvFeatureConfig  stm32f0xx_hal_uart.o
    0x0800179a   0x0800179a   0x00000002   PAD
    0x0800179c   0x0800179c   0x00000064   Code   RO          990    i.UART_CheckIdleState  stm32f0xx_hal_uart.o
    0x08001800   0x08001800   0x00000014   Code   RO          991    i.UART_DMAAbortOnError  stm32f0xx_hal_uart.o
    0x08001814   0x08001814   0x0000004c   Code   RO          992    i.UART_DMAError     stm32f0xx_hal_uart.o
    0x08001860   0x08001860   0x00000094   Code   RO          993    i.UART_DMAReceiveCplt  stm32f0xx_hal_uart.o
    0x080018f4   0x080018f4   0x0000001c   Code   RO          995    i.UART_DMARxHalfCplt  stm32f0xx_hal_uart.o
    0x08001910   0x08001910   0x0000004a   Code   RO          997    i.UART_DMATransmitCplt  stm32f0xx_hal_uart.o
    0x0800195a   0x0800195a   0x0000000a   Code   RO          999    i.UART_DMATxHalfCplt  stm32f0xx_hal_uart.o
    0x08001964   0x08001964   0x0000005e   Code   RO         1001    i.UART_EndRxTransfer  stm32f0xx_hal_uart.o
    0x080019c2   0x080019c2   0x00000020   Code   RO         1002    i.UART_EndTxTransfer  stm32f0xx_hal_uart.o
    0x080019e2   0x080019e2   0x00000002   PAD
    0x080019e4   0x080019e4   0x0000000c   Code   RO         1690    i.UART_GetUartRxFlag  uart.o
    0x080019f0   0x080019f0   0x0000005c   Code   RO         1691    i.UART_Init         uart.o
    0x08001a4c   0x08001a4c   0x00000064   Code   RO         1692    i.UART_Rx           uart.o
    0x08001ab0   0x08001ab0   0x0000002c   Code   RO         1693    i.UART_Rx_IRQ       uart.o
    0x08001adc   0x08001adc   0x00000028   Code   RO         1694    i.UART_Rx_ResetIndex  uart.o
    0x08001b04   0x08001b04   0x00000164   Code   RO         1005    i.UART_SetConfig    stm32f0xx_hal_uart.o
    0x08001c68   0x08001c68   0x0000000c   Code   RO         1695    i.UART_SetUartRxFlag  uart.o
    0x08001c74   0x08001c74   0x000000b0   Code   RO         1006    i.UART_Start_Receive_DMA  stm32f0xx_hal_uart.o
    0x08001d24   0x08001d24   0x00000034   Code   RO         1696    i.UART_Tx           uart.o
    0x08001d58   0x08001d58   0x000000d4   Code   RO         1010    i.UART_WaitOnFlagUntilTimeout  stm32f0xx_hal_uart.o
    0x08001e2c   0x08001e2c   0x00000014   Code   RO         1606    i.USART1_IRQHandler  stm32f0xx_it.o
    0x08001e40   0x08001e40   0x00000030   Code   RO          435    i.__ARM_common_ll_muluu  stm32f0xx_hal_rcc.o
    0x08001e70   0x08001e70   0x00000044   Code   RO          864    i.__NVIC_SetPriority  stm32f0xx_hal_cortex.o
    0x08001eb4   0x08001eb4   0x0000000e   Code   RO         1918    i.__scatterload_copy  mc_p.l(handlers.o)
    0x08001ec2   0x08001ec2   0x00000002   Code   RO         1919    i.__scatterload_null  mc_p.l(handlers.o)
    0x08001ec4   0x08001ec4   0x0000000e   Code   RO         1920    i.__scatterload_zeroinit  mc_p.l(handlers.o)
    0x08001ed2   0x08001ed2   0x00000002   PAD
    0x08001ed4   0x08001ed4   0x00000064   Code   RO         1560    i.main              main.o
    0x08001f38   0x08001f38   0x0000000c   Data   RO           19    .constdata          stm32f072b_discovery.o
    0x08001f44   0x08001f44   0x00000010   Data   RO         1855    .constdata          system_stm32f0xx.o
    0x08001f54   0x08001f54   0x00000008   Data   RO         1856    .constdata          system_stm32f0xx.o
    0x08001f5c   0x08001f5c   0x00000020   Data   RO         1916    Region$$Table       anon$$obj.o


    Execution Region RW_IRAM1 (Exec base: 0x20000000, Load base: 0x08001f7c, Size: 0x00000628, Max: 0x00004000, ABSOLUTE)

    Exec Addr    Load Addr    Size         Type   Attr      Idx    E Section Name        Object

    0x20000000   0x08001f7c   0x00000014   Data   RW           20    .data               stm32f072b_discovery.o
    0x20000014   0x08001f90   0x0000000c   Data   RW          646    .data               stm32f0xx_hal.o
    0x20000020   0x08001f9c   0x00000002   Data   RW         1700    .data               uart.o
    0x20000022   0x08001f9e   0x00000002   PAD
    0x20000024   0x08001fa0   0x00000008   Data   RW         1817    .data               cmd.o
    0x2000002c   0x08001fa8   0x00000004   Data   RW         1857    .data               system_stm32f0xx.o
    0x20000030        -       0x00000088   Zero   RW         1662    .bss                stm32f0xx_hal_msp.o
    0x200000b8        -       0x0000016c   Zero   RW         1699    .bss                uart.o
    0x20000224   0x08001fac   0x00000004   PAD
    0x20000228        -       0x00000400   Zero   RW            1    STACK               startup_stm32f072xb.o


==============================================================================

Image component sizes


      Code (inc. data)   RO Data    RW Data    ZI Data      Debug   Object Name

       240         76          0          8          0       3867   cmd.o
       108         12          0          0          0       1687   main.o
        28          8        192          0       1024        616   startup_stm32f072xb.o
        32         10         12         20          0     449651   stm32f072b_discovery.o
       130         26          0         12          0       8307   stm32f0xx_hal.o
       180         30          0          0          0      11155   stm32f0xx_hal_cortex.o
       636         16          0          0          0       6578   stm32f0xx_hal_dma.o
       676         56          0          0          0       2946   stm32f0xx_hal_gpio.o
       308         18          0          0        136       1668   stm32f0xx_hal_msp.o
      1720        126          0          0          0       5558   stm32f0xx_hal_rcc.o
      2834         78          0          0          0      23153   stm32f0xx_hal_uart.o
         2          0          0          0          0       3548   stm32f0xx_hal_uart_ex.o
        60         12          0          0          0       2904   stm32f0xx_it.o
        92         16         24          4          0       1095   system_stm32f0xx.o
       402         60          0          2        364       5225   uart.o

    ----------------------------------------------------------------------
      7464        544        260         48       1528     527958   Object Totals
         0          0         32          0          0          0   (incl. Generated)
        16          0          0          2          4          0   (incl. Padding)

    ----------------------------------------------------------------------

      Code (inc. data)   RO Data    RW Data    ZI Data      Debug   Library Member Name

         0          0          0          0          0          0   entry.o
         0          0          0          0          0          0   entry10a.o
         0          0          0          0          0          0   entry11a.o
         4          0          0          0          0          0   entry12b.o
         8          4          0          0          0          0   entry2.o
         4          0          0          0          0          0   entry5.o
         0          0          0          0          0          0   entry7b.o
         0          0          0          0          0          0   entry8b.o
         8          4          0          0          0          0   entry9a.o
        30          0          0          0          0          0   handlers.o
        36          8          0          0          0         68   init.o
        32          0          0          0          0         68   llshl.o
        34          0          0          0          0         68   llushr.o
        36          0          0          0          0        100   memseta.o
        44          0          0          0          0         72   uidiv.o
        96          0          0          0          0         84   uldiv.o

    ----------------------------------------------------------------------
       336         16          0          0          0        460   Library Totals
         4          0          0          0          0          0   (incl. Padding)

    ----------------------------------------------------------------------

      Code (inc. data)   RO Data    RW Data    ZI Data      Debug   Library Name

       332         16          0          0          0        460   mc_p.l

    ----------------------------------------------------------------------
       336         16          0          0          0        460   Library Totals

    ----------------------------------------------------------------------

==============================================================================


      Code (inc. data)   RO Data    RW Data    ZI Data      Debug   

      7800        560        260         48       1528     525226   Grand Totals
      7800        560        260         48       1528     525226   ELF Image Totals
      7800        560        260         48          0          0   ROM Totals

==============================================================================

    Total RO  Size (Code + RO Data)                 8060 (   7.87kB)
    Total RW  Size (RW Data + ZI Data)              1576 (   1.54kB)
    Total ROM Size (Code + RO Data + RW Data)       8108 (   7.92kB)

==============================================================================

